May 22 14:17:09 ubuntu gnome-session-binary[2109]: Entering running state
May 22 14:17:13 ubuntu gnome-shell[2283]: GNOME Shell started at Mon May 22 2017 14:17:09 GMT-0500 (CDT)
May 26 21:58:36 ubuntu NetworkManager[901]: <warn>  [1495853916.2041] error requesting auth for org.freedesktop.NetworkManager.reload: Authorization check failed: Message recipient disconnected from message bus without replying
May 26 21:58:36 ubuntu NetworkManager[901]: <warn>  [1495853916.2071] error requesting auth for org.freedesktop.NetworkManager.settings.modify.hostname: Authorization check failed: Message recipient disconnected from message bus without replying
May 26 21:58:36 ubuntu NetworkManager[901]: <warn>  [1495853916.2074] error requesting auth for org.freedesktop.NetworkManager.settings.modify.own: Authorization check failed: Message recipient disconnected from message bus without replying
May 26 21:58:36 ubuntu NetworkManager[901]: <warn>  [1495853916.2078] error requesting auth for org.freedesktop.NetworkManager.settings.modify.system: Authorization check failed: Message recipient disconnected from message bus without replying
May 26 21:58:36 ubuntu NetworkManager[901]: <warn>  [1495853916.2081] error requesting auth for org.freedesktop.NetworkManager.wifi.share.open: Authorization check failed: Message recipient disconnected from message bus without replying
May 26 21:58:36 ubuntu NetworkManager[901]: <warn>  [1495853916.2084] error requesting auth for org.freedesktop.NetworkManager.wifi.share.protected: Authorization check failed: Message recipient disconnected from message bus without replying
May 26 21:58:36 ubuntu NetworkManager[901]: <info>  [1495853916.2217] ModemManager disappeared from bus
May 26 21:58:49 ubuntu kernel: [    0.000000] Initializing cgroup subsys cpuset
May 26 21:58:49 ubuntu kernel: [    0.000000] Initializing cgroup subsys cpu
May 26 21:58:49 ubuntu kernel: [    0.000000] Initializing cgroup subsys cpuacct
May 26 21:58:49 ubuntu kernel: [    0.000000] Linux version 4.4.0-72-generic (buildd@lcy01-17) (gcc version 5.4.0 20160609 (Ubuntu 5.4.0-6ubuntu1~16.04.4) ) #93-Ubuntu SMP Fri Mar 31 14:07:41 UTC 2017 (Ubuntu 4.4.0-72.93-generic 4.4.49)
May 26 21:58:49 ubuntu kernel: [    0.000000] Command line: BOOT_IMAGE=/boot/vmlinuz-4.4.0-72-generic root=UUID=afcb2713-679c-4cb7-8b43-f08de1d74a44 ro splash quiet
May 26 21:58:49 ubuntu kernel: [    0.000000] KERNEL supported cpus:
May 26 21:58:49 ubuntu kernel: [    0.000000]   Intel GenuineIntel
May 26 21:58:49 ubuntu kernel: [    0.000000]   AMD AuthenticAMD
May 26 21:58:49 ubuntu kernel: [    0.000000]   Centaur CentaurHauls
May 26 21:58:49 ubuntu kernel: [    0.000000] Disabled fast string operations
May 26 21:58:49 ubuntu kernel: [    0.000000] x86/fpu: xstate_offset[2]:  576, xstate_sizes[2]:  256
May 26 21:58:49 ubuntu kernel: [    0.000000] x86/fpu: Supporting XSAVE feature 0x01: 'x87 floating point registers'
May 26 21:58:49 ubuntu kernel: [    0.000000] x86/fpu: Supporting XSAVE feature 0x02: 'SSE registers'
May 26 21:58:49 ubuntu kernel: [    0.000000] x86/fpu: Supporting XSAVE feature 0x04: 'AVX registers'
May 26 21:58:49 ubuntu kernel: [    0.000000] x86/fpu: Enabled xstate features 0x7, context size is 832 bytes, using 'standard' format.
May 26 21:58:49 ubuntu kernel: [    0.000000] x86/fpu: Using 'eager' FPU context switches.
May 26 21:58:49 ubuntu kernel: [    0.000000] e820: BIOS-provided physical RAM map:
May 26 21:58:49 ubuntu kernel: [    0.000000] BIOS-e820: [mem 0x0000000000000000-0x000000000009e7ff] usable
May 26 21:58:49 ubuntu kernel: [    0.000000] BIOS-e820: [mem 0x000000000009e800-0x000000000009ffff] reserved
May 26 21:58:49 ubuntu kernel: [    0.000000] BIOS-e820: [mem 0x00000000000dc000-0x00000000000fffff] reserved
May 26 21:58:49 ubuntu kernel: [    0.000000] BIOS-e820: [mem 0x0000000000100000-0x000000007fedffff] usable
May 26 21:58:49 ubuntu kernel: [    0.000000] BIOS-e820: [mem 0x000000007fee0000-0x000000007fefefff] ACPI data
May 26 21:58:49 ubuntu kernel: [    0.000000] BIOS-e820: [mem 0x000000007feff000-0x000000007fefffff] ACPI NVS
May 26 21:58:49 ubuntu kernel: [    0.000000] BIOS-e820: [mem 0x000000007ff00000-0x000000007fffffff] usable
May 26 21:58:49 ubuntu kernel: [    0.000000] BIOS-e820: [mem 0x00000000f0000000-0x00000000f7ffffff] reserved
May 26 21:58:49 ubuntu kernel: [    0.000000] BIOS-e820: [mem 0x00000000fec00000-0x00000000fec0ffff] reserved
May 26 21:58:49 ubuntu kernel: [    0.000000] BIOS-e820: [mem 0x00000000fee00000-0x00000000fee00fff] reserved
May 26 21:58:49 ubuntu kernel: [    0.000000] BIOS-e820: [mem 0x00000000fffe0000-0x00000000ffffffff] reserved
May 26 21:58:49 ubuntu kernel: [    0.000000] NX (Execute Disable) protection: active
May 26 21:58:49 ubuntu kernel: [    0.000000] SMBIOS 2.7 present.
May 26 21:58:49 ubuntu kernel: [    0.000000] DMI: VMware, Inc. VMware Virtual Platform/440BX Desktop Reference Platform, BIOS 6.00 07/02/2015
May 26 21:58:49 ubuntu kernel: [    0.000000] Hypervisor detected: VMware
May 26 21:58:49 ubuntu kernel: [    0.000000] e820: update [mem 0x00000000-0x00000fff] usable ==> reserved
May 26 21:58:49 ubuntu kernel: [    0.000000] e820: remove [mem 0x000a0000-0x000fffff] usable
May 26 21:58:49 ubuntu kernel: [    0.000000] e820: last_pfn = 0x80000 max_arch_pfn = 0x400000000
May 26 21:58:49 ubuntu kernel: [    0.000000] MTRR default type: uncachable
May 26 21:58:49 ubuntu kernel: [    0.000000] MTRR fixed ranges enabled:
May 26 21:58:49 ubuntu kernel: [    0.000000]   00000-9FFFF write-back
May 26 21:58:49 ubuntu kernel: [    0.000000]   A0000-BFFFF uncachable
May 26 21:58:49 ubuntu kernel: [    0.000000]   C0000-CFFFF write-protect
May 26 21:58:49 ubuntu kernel: [    0.000000]   D0000-EFFFF uncachable
May 26 21:58:49 ubuntu kernel: [    0.000000]   F0000-FFFFF write-protect
May 26 21:58:49 ubuntu kernel: [    0.000000] MTRR variable ranges enabled:
May 26 21:58:49 ubuntu kernel: [    0.000000]   0 base 000C0000000 mask 3FFC0000000 uncachable
May 26 21:58:49 ubuntu kernel: [    0.000000]   1 base 00000000000 mask 3FF00000000 write-back
May 26 21:58:49 ubuntu kernel: [    0.000000]   2 disabled
May 26 21:58:49 ubuntu kernel: [    0.000000]   3 disabled
May 26 21:58:49 ubuntu kernel: [    0.000000]   4 disabled
May 26 21:58:49 ubuntu kernel: [    0.000000]   5 disabled
May 26 21:58:49 ubuntu kernel: [    0.000000]   6 disabled
May 26 21:58:49 ubuntu kernel: [    0.000000]   7 disabled
May 26 21:58:49 ubuntu kernel: [    0.000000] x86/PAT: Configuration [0-7]: WB  WC  UC- UC  WB  WC  UC- WT  
May 26 21:58:49 ubuntu kernel: [    0.000000] original variable MTRRs
May 26 21:58:49 ubuntu kernel: [    0.000000] reg 0, base: 3GB, range: 1GB, type UC
May 26 21:58:49 ubuntu kernel: [    0.000000] reg 1, base: 0GB, range: 4GB, type WB
May 26 21:58:49 ubuntu kernel: [    0.000000] total RAM covered: 3072M
May 26 21:58:49 ubuntu kernel: [    0.000000] Found optimal setting for mtrr clean up
May 26 21:58:49 ubuntu kernel: [    0.000000]  gran_size: 64K 	chunk_size: 64K 	num_reg: 2  	lose cover RAM: 0G
May 26 21:58:49 ubuntu kernel: [    0.000000] New variable MTRRs
May 26 21:58:49 ubuntu kernel: [    0.000000] reg 0, base: 0GB, range: 2GB, type WB
May 26 21:58:49 ubuntu kernel: [    0.000000] reg 1, base: 2GB, range: 1GB, type WB
May 26 21:58:49 ubuntu kernel: [    0.000000] found SMP MP-table at [mem 0x000f6a80-0x000f6a8f] mapped at [ffff8800000f6a80]
May 26 21:58:49 ubuntu kernel: [    0.000000] Scanning 1 areas for low memory corruption
May 26 21:58:49 ubuntu kernel: [    0.000000] Base memory trampoline at [ffff880000098000] 98000 size 24576
May 26 21:58:49 ubuntu kernel: [    0.000000] Using GB pages for direct mapping
May 26 21:58:49 ubuntu kernel: [    0.000000] BRK [0x0220c000, 0x0220cfff] PGTABLE
May 26 21:58:49 ubuntu kernel: [    0.000000] BRK [0x0220d000, 0x0220dfff] PGTABLE
May 26 21:58:49 ubuntu kernel: [    0.000000] BRK [0x0220e000, 0x0220efff] PGTABLE
May 26 21:58:49 ubuntu kernel: [    0.000000] BRK [0x0220f000, 0x0220ffff] PGTABLE
May 26 21:58:49 ubuntu kernel: [    0.000000] BRK [0x02210000, 0x02210fff] PGTABLE
May 26 21:58:49 ubuntu kernel: [    0.000000] RAMDISK: [mem 0x337ec000-0x35bedfff]
May 26 21:58:49 ubuntu kernel: [    0.000000] ACPI: Early table checksum verification disabled
May 26 21:58:49 ubuntu kernel: [    0.000000] ACPI: RSDP 0x00000000000F6A10 000024 (v02 PTLTD )
May 26 21:58:49 ubuntu kernel: [    0.000000] ACPI: XSDT 0x000000007FEEA65B 00005C (v01 INTEL  440BX    06040000 VMW  01324272)
May 26 21:58:49 ubuntu kernel: [    0.000000] ACPI: FACP 0x000000007FEFEE73 0000F4 (v04 INTEL  440BX    06040000 PTL  000F4240)
May 26 21:58:49 ubuntu kernel: [    0.000000] ACPI: DSDT 0x000000007FEEC749 01272A (v01 PTLTD  Custom   06040000 MSFT 03000001)
May 26 21:58:49 ubuntu kernel: [    0.000000] ACPI: FACS 0x000000007FEFFFC0 000040
May 26 21:58:49 ubuntu kernel: [    0.000000] ACPI: FACS 0x000000007FEFFFC0 000040
May 26 21:58:49 ubuntu kernel: [    0.000000] ACPI: BOOT 0x000000007FEEC721 000028 (v01 PTLTD  $SBFTBL$ 06040000  LTP 00000001)
May 26 21:58:49 ubuntu kernel: [    0.000000] ACPI: APIC 0x000000007FEEB8BD 000742 (v01 PTLTD  ? APIC   06040000  LTP 00000000)
May 26 21:58:49 ubuntu kernel: [    0.000000] ACPI: MCFG 0x000000007FEEB881 00003C (v01 PTLTD  $PCITBL$ 06040000  LTP 00000001)
May 26 21:58:49 ubuntu kernel: [    0.000000] ACPI: SRAT 0x000000007FEEA757 0008A8 (v02 VMWARE MEMPLUG  06040000 VMW  00000001)
May 26 21:58:49 ubuntu kernel: [    0.000000] ACPI: HPET 0x000000007FEEA71F 000038 (v01 VMWARE VMW HPET 06040000 VMW  00000001)
May 26 21:58:49 ubuntu kernel: [    0.000000] ACPI: WAET 0x000000007FEEA6F7 000028 (v01 VMWARE VMW WAET 06040000 VMW  00000001)
May 26 21:58:49 ubuntu kernel: [    0.000000] ACPI: Local APIC address 0xfee00000
May 26 21:58:49 ubuntu kernel: [    0.000000] system APIC only can use physical flat
May 26 21:58:49 ubuntu kernel: [    0.000000] Setting APIC routing to physical flat.
May 26 21:58:49 ubuntu kernel: [    0.000000] SRAT: PXM 0 -> APIC 0x00 -> Node 0
May 26 21:58:49 ubuntu kernel: [    0.000000] SRAT: PXM 0 -> APIC 0x02 -> Node 0
May 26 21:58:49 ubuntu kernel: [    0.000000] SRAT: PXM 0 -> APIC 0x04 -> Node 0
May 26 21:58:49 ubuntu kernel: [    0.000000] SRAT: PXM 0 -> APIC 0x06 -> Node 0
May 26 21:58:49 ubuntu kernel: [    0.000000] SRAT: PXM 0 -> APIC 0x08 -> Node 0
May 26 21:58:49 ubuntu kernel: [    0.000000] SRAT: PXM 0 -> APIC 0x0a -> Node 0
May 26 21:58:49 ubuntu kernel: [    0.000000] SRAT: PXM 0 -> APIC 0x0c -> Node 0
May 26 21:58:49 ubuntu kernel: [    0.000000] SRAT: PXM 0 -> APIC 0x0e -> Node 0
May 26 21:58:49 ubuntu kernel: [    0.000000] SRAT: PXM 0 -> APIC 0x10 -> Node 0
May 26 21:58:49 ubuntu kernel: [    0.000000] SRAT: PXM 0 -> APIC 0x12 -> Node 0
May 26 21:58:49 ubuntu kernel: [    0.000000] SRAT: PXM 0 -> APIC 0x14 -> Node 0
May 26 21:58:49 ubuntu kernel: [    0.000000] SRAT: PXM 0 -> APIC 0x16 -> Node 0
May 26 21:58:49 ubuntu kernel: [    0.000000] SRAT: PXM 0 -> APIC 0x18 -> Node 0
May 26 21:58:49 ubuntu kernel: [    0.000000] SRAT: PXM 0 -> APIC 0x1a -> Node 0
May 26 21:58:49 ubuntu kernel: [    0.000000] SRAT: PXM 0 -> APIC 0x1c -> Node 0
May 26 21:58:49 ubuntu kernel: [    0.000000] SRAT: PXM 0 -> APIC 0x1e -> Node 0
May 26 21:58:49 ubuntu kernel: [    0.000000] SRAT: PXM 0 -> APIC 0x20 -> Node 0
May 26 21:58:49 ubuntu kernel: [    0.000000] SRAT: PXM 0 -> APIC 0x22 -> Node 0
May 26 21:58:49 ubuntu kernel: [    0.000000] SRAT: PXM 0 -> APIC 0x24 -> Node 0
May 26 21:58:49 ubuntu kernel: [    0.000000] SRAT: PXM 0 -> APIC 0x26 -> Node 0
May 26 21:58:49 ubuntu kernel: [    0.000000] SRAT: PXM 0 -> APIC 0x28 -> Node 0
May 26 21:58:49 ubuntu kernel: [    0.000000] SRAT: PXM 0 -> APIC 0x2a -> Node 0
May 26 21:58:49 ubuntu kernel: [    0.000000] SRAT: PXM 0 -> APIC 0x2c -> Node 0
May 26 21:58:49 ubuntu kernel: [    0.000000] SRAT: PXM 0 -> APIC 0x2e -> Node 0
May 26 21:58:49 ubuntu kernel: [    0.000000] SRAT: PXM 0 -> APIC 0x30 -> Node 0
May 26 21:58:49 ubuntu kernel: [    0.000000] SRAT: PXM 0 -> APIC 0x32 -> Node 0
May 26 21:58:49 ubuntu kernel: [    0.000000] SRAT: PXM 0 -> APIC 0x34 -> Node 0
May 26 21:58:49 ubuntu kernel: [    0.000000] SRAT: PXM 0 -> APIC 0x36 -> Node 0
May 26 21:58:49 ubuntu kernel: [    0.000000] SRAT: PXM 0 -> APIC 0x38 -> Node 0
May 26 21:58:49 ubuntu kernel: [    0.000000] SRAT: PXM 0 -> APIC 0x3a -> Node 0
May 26 21:58:49 ubuntu kernel: [    0.000000] SRAT: PXM 0 -> APIC 0x3c -> Node 0
May 26 21:58:49 ubuntu kernel: [    0.000000] SRAT: PXM 0 -> APIC 0x3e -> Node 0
May 26 21:58:49 ubuntu kernel: [    0.000000] SRAT: PXM 0 -> APIC 0x40 -> Node 0
May 26 21:58:49 ubuntu kernel: [    0.000000] SRAT: PXM 0 -> APIC 0x42 -> Node 0
May 26 21:58:49 ubuntu kernel: [    0.000000] SRAT: PXM 0 -> APIC 0x44 -> Node 0
May 26 21:58:49 ubuntu kernel: [    0.000000] SRAT: PXM 0 -> APIC 0x46 -> Node 0
May 26 21:58:49 ubuntu kernel: [    0.000000] SRAT: PXM 0 -> APIC 0x48 -> Node 0
May 26 21:58:49 ubuntu kernel: [    0.000000] SRAT: PXM 0 -> APIC 0x4a -> Node 0
May 26 21:58:49 ubuntu kernel: [    0.000000] SRAT: PXM 0 -> APIC 0x4c -> Node 0
May 26 21:58:49 ubuntu kernel: [    0.000000] SRAT: PXM 0 -> APIC 0x4e -> Node 0
May 26 21:58:49 ubuntu kernel: [    0.000000] SRAT: PXM 0 -> APIC 0x50 -> Node 0
May 26 21:58:49 ubuntu kernel: [    0.000000] SRAT: PXM 0 -> APIC 0x52 -> Node 0
May 26 21:58:49 ubuntu kernel: [    0.000000] SRAT: PXM 0 -> APIC 0x54 -> Node 0
May 26 21:58:49 ubuntu kernel: [    0.000000] SRAT: PXM 0 -> APIC 0x56 -> Node 0
May 26 21:58:49 ubuntu kernel: [    0.000000] SRAT: PXM 0 -> APIC 0x58 -> Node 0
May 26 21:58:49 ubuntu kernel: [    0.000000] SRAT: PXM 0 -> APIC 0x5a -> Node 0
May 26 21:58:49 ubuntu kernel: [    0.000000] SRAT: PXM 0 -> APIC 0x5c -> Node 0
May 26 21:58:49 ubuntu kernel: [    0.000000] SRAT: PXM 0 -> APIC 0x5e -> Node 0
May 26 21:58:49 ubuntu kernel: [    0.000000] SRAT: PXM 0 -> APIC 0x60 -> Node 0
May 26 21:58:49 ubuntu kernel: [    0.000000] SRAT: PXM 0 -> APIC 0x62 -> Node 0
May 26 21:58:49 ubuntu kernel: [    0.000000] SRAT: PXM 0 -> APIC 0x64 -> Node 0
May 26 21:58:49 ubuntu kernel: [    0.000000] SRAT: PXM 0 -> APIC 0x66 -> Node 0
May 26 21:58:49 ubuntu kernel: [    0.000000] SRAT: PXM 0 -> APIC 0x68 -> Node 0
May 26 21:58:49 ubuntu kernel: [    0.000000] SRAT: PXM 0 -> APIC 0x6a -> Node 0
May 26 21:58:49 ubuntu kernel: [    0.000000] SRAT: PXM 0 -> APIC 0x6c -> Node 0
May 26 21:58:49 ubuntu kernel: [    0.000000] SRAT: PXM 0 -> APIC 0x6e -> Node 0
May 26 21:58:49 ubuntu kernel: [    0.000000] SRAT: PXM 0 -> APIC 0x70 -> Node 0
May 26 21:58:49 ubuntu kernel: [    0.000000] SRAT: PXM 0 -> APIC 0x72 -> Node 0
May 26 21:58:49 ubuntu kernel: [    0.000000] SRAT: PXM 0 -> APIC 0x74 -> Node 0
May 26 21:58:49 ubuntu kernel: [    0.000000] SRAT: PXM 0 -> APIC 0x76 -> Node 0
May 26 21:58:49 ubuntu kernel: [    0.000000] SRAT: PXM 0 -> APIC 0x78 -> Node 0
May 26 21:58:49 ubuntu kernel: [    0.000000] SRAT: PXM 0 -> APIC 0x7a -> Node 0
May 26 21:58:49 ubuntu kernel: [    0.000000] SRAT: PXM 0 -> APIC 0x7c -> Node 0
May 26 21:58:49 ubuntu kernel: [    0.000000] SRAT: PXM 0 -> APIC 0x7e -> Node 0
May 26 21:58:49 ubuntu kernel: [    0.000000] SRAT: PXM 0 -> APIC 0x80 -> Node 0
May 26 21:58:49 ubuntu kernel: [    0.000000] SRAT: PXM 0 -> APIC 0x82 -> Node 0
May 26 21:58:49 ubuntu kernel: [    0.000000] SRAT: PXM 0 -> APIC 0x84 -> Node 0
May 26 21:58:49 ubuntu kernel: [    0.000000] SRAT: PXM 0 -> APIC 0x86 -> Node 0
May 26 21:58:49 ubuntu kernel: [    0.000000] SRAT: PXM 0 -> APIC 0x88 -> Node 0
May 26 21:58:49 ubuntu kernel: [    0.000000] SRAT: PXM 0 -> APIC 0x8a -> Node 0
May 26 21:58:49 ubuntu kernel: [    0.000000] SRAT: PXM 0 -> APIC 0x8c -> Node 0
May 26 21:58:49 ubuntu kernel: [    0.000000] SRAT: PXM 0 -> APIC 0x8e -> Node 0
May 26 21:58:49 ubuntu kernel: [    0.000000] SRAT: PXM 0 -> APIC 0x90 -> Node 0
May 26 21:58:49 ubuntu kernel: [    0.000000] SRAT: PXM 0 -> APIC 0x92 -> Node 0
May 26 21:58:49 ubuntu kernel: [    0.000000] SRAT: PXM 0 -> APIC 0x94 -> Node 0
May 26 21:58:49 ubuntu kernel: [    0.000000] SRAT: PXM 0 -> APIC 0x96 -> Node 0
May 26 21:58:49 ubuntu kernel: [    0.000000] SRAT: PXM 0 -> APIC 0x98 -> Node 0
May 26 21:58:49 ubuntu kernel: [    0.000000] SRAT: PXM 0 -> APIC 0x9a -> Node 0
May 26 21:58:49 ubuntu kernel: [    0.000000] SRAT: PXM 0 -> APIC 0x9c -> Node 0
May 26 21:58:49 ubuntu kernel: [    0.000000] SRAT: PXM 0 -> APIC 0x9e -> Node 0
May 26 21:58:49 ubuntu kernel: [    0.000000] SRAT: PXM 0 -> APIC 0xa0 -> Node 0
May 26 21:58:49 ubuntu kernel: [    0.000000] SRAT: PXM 0 -> APIC 0xa2 -> Node 0
May 26 21:58:49 ubuntu kernel: [    0.000000] SRAT: PXM 0 -> APIC 0xa4 -> Node 0
May 26 21:58:49 ubuntu kernel: [    0.000000] SRAT: PXM 0 -> APIC 0xa6 -> Node 0
May 26 21:58:49 ubuntu kernel: [    0.000000] SRAT: PXM 0 -> APIC 0xa8 -> Node 0
May 26 21:58:49 ubuntu kernel: [    0.000000] SRAT: PXM 0 -> APIC 0xaa -> Node 0
May 26 21:58:49 ubuntu kernel: [    0.000000] SRAT: PXM 0 -> APIC 0xac -> Node 0
May 26 21:58:49 ubuntu kernel: [    0.000000] SRAT: PXM 0 -> APIC 0xae -> Node 0
May 26 21:58:49 ubuntu kernel: [    0.000000] SRAT: PXM 0 -> APIC 0xb0 -> Node 0
May 26 21:58:49 ubuntu kernel: [    0.000000] SRAT: PXM 0 -> APIC 0xb2 -> Node 0
May 26 21:58:49 ubuntu kernel: [    0.000000] SRAT: PXM 0 -> APIC 0xb4 -> Node 0
May 26 21:58:49 ubuntu kernel: [    0.000000] SRAT: PXM 0 -> APIC 0xb6 -> Node 0
May 26 21:58:49 ubuntu kernel: [    0.000000] SRAT: PXM 0 -> APIC 0xb8 -> Node 0
May 26 21:58:49 ubuntu kernel: [    0.000000] SRAT: PXM 0 -> APIC 0xba -> Node 0
May 26 21:58:49 ubuntu kernel: [    0.000000] SRAT: PXM 0 -> APIC 0xbc -> Node 0
May 26 21:58:49 ubuntu kernel: [    0.000000] SRAT: PXM 0 -> APIC 0xbe -> Node 0
May 26 21:58:49 ubuntu kernel: [    0.000000] SRAT: PXM 0 -> APIC 0xc0 -> Node 0
May 26 21:58:49 ubuntu kernel: [    0.000000] SRAT: PXM 0 -> APIC 0xc2 -> Node 0
May 26 21:58:49 ubuntu kernel: [    0.000000] SRAT: PXM 0 -> APIC 0xc4 -> Node 0
May 26 21:58:49 ubuntu kernel: [    0.000000] SRAT: PXM 0 -> APIC 0xc6 -> Node 0
May 26 21:58:49 ubuntu kernel: [    0.000000] SRAT: PXM 0 -> APIC 0xc8 -> Node 0
May 26 21:58:49 ubuntu kernel: [    0.000000] SRAT: PXM 0 -> APIC 0xca -> Node 0
May 26 21:58:49 ubuntu kernel: [    0.000000] SRAT: PXM 0 -> APIC 0xcc -> Node 0
May 26 21:58:49 ubuntu kernel: [    0.000000] SRAT: PXM 0 -> APIC 0xce -> Node 0
May 26 21:58:49 ubuntu kernel: [    0.000000] SRAT: PXM 0 -> APIC 0xd0 -> Node 0
May 26 21:58:49 ubuntu kernel: [    0.000000] SRAT: PXM 0 -> APIC 0xd2 -> Node 0
May 26 21:58:49 ubuntu kernel: [    0.000000] SRAT: PXM 0 -> APIC 0xd4 -> Node 0
May 26 21:58:49 ubuntu kernel: [    0.000000] SRAT: PXM 0 -> APIC 0xd6 -> Node 0
May 26 21:58:49 ubuntu kernel: [    0.000000] SRAT: PXM 0 -> APIC 0xd8 -> Node 0
May 26 21:58:49 ubuntu kernel: [    0.000000] SRAT: PXM 0 -> APIC 0xda -> Node 0
May 26 21:58:49 ubuntu kernel: [    0.000000] SRAT: PXM 0 -> APIC 0xdc -> Node 0
May 26 21:58:49 ubuntu kernel: [    0.000000] SRAT: PXM 0 -> APIC 0xde -> Node 0
May 26 21:58:49 ubuntu kernel: [    0.000000] SRAT: PXM 0 -> APIC 0xe0 -> Node 0
May 26 21:58:49 ubuntu kernel: [    0.000000] SRAT: PXM 0 -> APIC 0xe2 -> Node 0
May 26 21:58:49 ubuntu kernel: [    0.000000] SRAT: PXM 0 -> APIC 0xe4 -> Node 0
May 26 21:58:49 ubuntu kernel: [    0.000000] SRAT: PXM 0 -> APIC 0xe6 -> Node 0
May 26 21:58:49 ubuntu kernel: [    0.000000] SRAT: PXM 0 -> APIC 0xe8 -> Node 0
May 26 21:58:49 ubuntu kernel: [    0.000000] SRAT: PXM 0 -> APIC 0xea -> Node 0
May 26 21:58:49 ubuntu kernel: [    0.000000] SRAT: PXM 0 -> APIC 0xec -> Node 0
May 26 21:58:49 ubuntu kernel: [    0.000000] SRAT: PXM 0 -> APIC 0xee -> Node 0
May 26 21:58:49 ubuntu kernel: [    0.000000] SRAT: PXM 0 -> APIC 0xf0 -> Node 0
May 26 21:58:49 ubuntu kernel: [    0.000000] SRAT: PXM 0 -> APIC 0xf2 -> Node 0
May 26 21:58:49 ubuntu kernel: [    0.000000] SRAT: PXM 0 -> APIC 0xf4 -> Node 0
May 26 21:58:49 ubuntu kernel: [    0.000000] SRAT: PXM 0 -> APIC 0xf6 -> Node 0
May 26 21:58:49 ubuntu kernel: [    0.000000] SRAT: PXM 0 -> APIC 0xf8 -> Node 0
May 26 21:58:49 ubuntu kernel: [    0.000000] SRAT: PXM 0 -> APIC 0xfa -> Node 0
May 26 21:58:49 ubuntu kernel: [    0.000000] SRAT: PXM 0 -> APIC 0xfc -> Node 0
May 26 21:58:49 ubuntu kernel: [    0.000000] SRAT: PXM 0 -> APIC 0xfe -> Node 0
May 26 21:58:49 ubuntu kernel: [    0.000000] SRAT: Node 0 PXM 0 [mem 0x00000000-0x0009ffff]
May 26 21:58:49 ubuntu kernel: [    0.000000] SRAT: Node 0 PXM 0 [mem 0x00100000-0x7fffffff]
May 26 21:58:49 ubuntu kernel: [    0.000000] SRAT: Node 0 PXM 0 [mem 0x80000000-0xbfffffff] hotplug
May 26 21:58:49 ubuntu kernel: [    0.000000] NUMA: Node 0 [mem 0x00000000-0x0009ffff] + [mem 0x00100000-0x7fffffff] -> [mem 0x00000000-0x7fffffff]
May 26 21:58:49 ubuntu kernel: [    0.000000] NODE_DATA(0) allocated [mem 0x7fffb000-0x7fffffff]
May 26 21:58:49 ubuntu kernel: [    0.000000] Zone ranges:
May 26 21:58:49 ubuntu kernel: [    0.000000]   DMA      [mem 0x0000000000001000-0x0000000000ffffff]
May 26 21:58:49 ubuntu kernel: [    0.000000]   DMA32    [mem 0x0000000001000000-0x000000007fffffff]
May 26 21:58:49 ubuntu kernel: [    0.000000]   Normal   empty
May 26 21:58:49 ubuntu kernel: [    0.000000]   Device   empty
May 26 21:58:49 ubuntu kernel: [    0.000000] Movable zone start for each node
May 26 21:58:49 ubuntu kernel: [    0.000000] Early memory node ranges
May 26 21:58:49 ubuntu kernel: [    0.000000]   node   0: [mem 0x0000000000001000-0x000000000009dfff]
May 26 21:58:49 ubuntu kernel: [    0.000000]   node   0: [mem 0x0000000000100000-0x000000007fedffff]
May 26 21:58:49 ubuntu kernel: [    0.000000]   node   0: [mem 0x000000007ff00000-0x000000007fffffff]
May 26 21:58:49 ubuntu kernel: [    0.000000] Initmem setup node 0 [mem 0x0000000000001000-0x000000007fffffff]
May 26 21:58:49 ubuntu kernel: [    0.000000] On node 0 totalpages: 524157
May 26 21:58:49 ubuntu kernel: [    0.000000]   DMA zone: 64 pages used for memmap
May 26 21:58:49 ubuntu kernel: [    0.000000]   DMA zone: 21 pages reserved
May 26 21:58:49 ubuntu kernel: [    0.000000]   DMA zone: 3997 pages, LIFO batch:0
May 26 21:58:49 ubuntu kernel: [    0.000000]   DMA32 zone: 8128 pages used for memmap
May 26 21:58:49 ubuntu kernel: [    0.000000]   DMA32 zone: 520160 pages, LIFO batch:31
May 26 21:58:49 ubuntu kernel: [    0.000000] ACPI: PM-Timer IO Port: 0x1008
May 26 21:58:49 ubuntu kernel: [    0.000000] ACPI: Local APIC address 0xfee00000
May 26 21:58:49 ubuntu kernel: [    0.000000] system APIC only can use physical flat
May 26 21:58:49 ubuntu kernel: [    0.000000] ACPI: LAPIC_NMI (acpi_id[0x00] high edge lint[0x1])
May 26 21:58:49 ubuntu kernel: [    0.000000] ACPI: LAPIC_NMI (acpi_id[0x01] high edge lint[0x1])
May 26 21:58:49 ubuntu kernel: [    0.000000] ACPI: LAPIC_NMI (acpi_id[0x02] high edge lint[0x1])
May 26 21:58:49 ubuntu kernel: [    0.000000] ACPI: LAPIC_NMI (acpi_id[0x03] high edge lint[0x1])
May 26 21:58:49 ubuntu kernel: [    0.000000] ACPI: LAPIC_NMI (acpi_id[0x04] high edge lint[0x1])
May 26 21:58:49 ubuntu kernel: [    0.000000] ACPI: LAPIC_NMI (acpi_id[0x05] high edge lint[0x1])
May 26 21:58:49 ubuntu kernel: [    0.000000] ACPI: LAPIC_NMI (acpi_id[0x06] high edge lint[0x1])
May 26 21:58:49 ubuntu kernel: [    0.000000] ACPI: LAPIC_NMI (acpi_id[0x07] high edge lint[0x1])
May 26 21:58:49 ubuntu kernel: [    0.000000] ACPI: LAPIC_NMI (acpi_id[0x08] high edge lint[0x1])
May 26 21:58:49 ubuntu kernel: [    0.000000] ACPI: LAPIC_NMI (acpi_id[0x09] high edge lint[0x1])
May 26 21:58:49 ubuntu kernel: [    0.000000] ACPI: LAPIC_NMI (acpi_id[0x0a] high edge lint[0x1])
May 26 21:58:49 ubuntu kernel: [    0.000000] ACPI: LAPIC_NMI (acpi_id[0x0b] high edge lint[0x1])
May 26 21:58:49 ubuntu kernel: [    0.000000] ACPI: LAPIC_NMI (acpi_id[0x0c] high edge lint[0x1])
May 26 21:58:49 ubuntu kernel: [    0.000000] ACPI: LAPIC_NMI (acpi_id[0x0d] high edge lint[0x1])
May 26 21:58:49 ubuntu kernel: [    0.000000] ACPI: LAPIC_NMI (acpi_id[0x0e] high edge lint[0x1])
May 26 21:58:49 ubuntu kernel: [    0.000000] ACPI: LAPIC_NMI (acpi_id[0x0f] high edge lint[0x1])
May 26 21:58:49 ubuntu kernel: [    0.000000] ACPI: LAPIC_NMI (acpi_id[0x10] high edge lint[0x1])
May 26 21:58:49 ubuntu kernel: [    0.000000] ACPI: LAPIC_NMI (acpi_id[0x11] high edge lint[0x1])
May 26 21:58:49 ubuntu kernel: [    0.000000] ACPI: LAPIC_NMI (acpi_id[0x12] high edge lint[0x1])
May 26 21:58:49 ubuntu kernel: [    0.000000] ACPI: LAPIC_NMI (acpi_id[0x13] high edge lint[0x1])
May 26 21:58:49 ubuntu kernel: [    0.000000] ACPI: LAPIC_NMI (acpi_id[0x14] high edge lint[0x1])
May 26 21:58:49 ubuntu kernel: [    0.000000] ACPI: LAPIC_NMI (acpi_id[0x15] high edge lint[0x1])
May 26 21:58:49 ubuntu kernel: [    0.000000] ACPI: LAPIC_NMI (acpi_id[0x16] high edge lint[0x1])
May 26 21:58:49 ubuntu kernel: [    0.000000] ACPI: LAPIC_NMI (acpi_id[0x17] high edge lint[0x1])
May 26 21:58:49 ubuntu kernel: [    0.000000] ACPI: LAPIC_NMI (acpi_id[0x18] high edge lint[0x1])
May 26 21:58:49 ubuntu kernel: [    0.000000] ACPI: LAPIC_NMI (acpi_id[0x19] high edge lint[0x1])
May 26 21:58:49 ubuntu kernel: [    0.000000] ACPI: LAPIC_NMI (acpi_id[0x1a] high edge lint[0x1])
May 26 21:58:49 ubuntu kernel: [    0.000000] ACPI: LAPIC_NMI (acpi_id[0x1b] high edge lint[0x1])
May 26 21:58:49 ubuntu kernel: [    0.000000] ACPI: LAPIC_NMI (acpi_id[0x1c] high edge lint[0x1])
May 26 21:58:49 ubuntu kernel: [    0.000000] ACPI: LAPIC_NMI (acpi_id[0x1d] high edge lint[0x1])
May 26 21:58:49 ubuntu kernel: [    0.000000] ACPI: LAPIC_NMI (acpi_id[0x1e] high edge lint[0x1])
May 26 21:58:49 ubuntu kernel: [    0.000000] ACPI: LAPIC_NMI (acpi_id[0x1f] high edge lint[0x1])
May 26 21:58:49 ubuntu kernel: [    0.000000] ACPI: LAPIC_NMI (acpi_id[0x20] high edge lint[0x1])
May 26 21:58:49 ubuntu kernel: [    0.000000] ACPI: LAPIC_NMI (acpi_id[0x21] high edge lint[0x1])
May 26 21:58:49 ubuntu kernel: [    0.000000] ACPI: LAPIC_NMI (acpi_id[0x22] high edge lint[0x1])
May 26 21:58:49 ubuntu kernel: [    0.000000] ACPI: LAPIC_NMI (acpi_id[0x23] high edge lint[0x1])
May 26 21:58:49 ubuntu kernel: [    0.000000] ACPI: LAPIC_NMI (acpi_id[0x24] high edge lint[0x1])
May 26 21:58:49 ubuntu kernel: [    0.000000] ACPI: LAPIC_NMI (acpi_id[0x25] high edge lint[0x1])
May 26 21:58:49 ubuntu kernel: [    0.000000] ACPI: LAPIC_NMI (acpi_id[0x26] high edge lint[0x1])
May 26 21:58:49 ubuntu kernel: [    0.000000] ACPI: LAPIC_NMI (acpi_id[0x27] high edge lint[0x1])
May 26 21:58:49 ubuntu kernel: [    0.000000] ACPI: LAPIC_NMI (acpi_id[0x28] high edge lint[0x1])
May 26 21:58:49 ubuntu kernel: [    0.000000] ACPI: LAPIC_NMI (acpi_id[0x29] high edge lint[0x1])
May 26 21:58:49 ubuntu kernel: [    0.000000] ACPI: LAPIC_NMI (acpi_id[0x2a] high edge lint[0x1])
May 26 21:58:49 ubuntu kernel: [    0.000000] ACPI: LAPIC_NMI (acpi_id[0x2b] high edge lint[0x1])
May 26 21:58:49 ubuntu kernel: [    0.000000] ACPI: LAPIC_NMI (acpi_id[0x2c] high edge lint[0x1])
May 26 21:58:49 ubuntu kernel: [    0.000000] ACPI: LAPIC_NMI (acpi_id[0x2d] high edge lint[0x1])
May 26 21:58:49 ubuntu kernel: [    0.000000] ACPI: LAPIC_NMI (acpi_id[0x2e] high edge lint[0x1])
May 26 21:58:49 ubuntu kernel: [    0.000000] ACPI: LAPIC_NMI (acpi_id[0x2f] high edge lint[0x1])
May 26 21:58:49 ubuntu kernel: [    0.000000] ACPI: LAPIC_NMI (acpi_id[0x30] high edge lint[0x1])
May 26 21:58:49 ubuntu kernel: [    0.000000] ACPI: LAPIC_NMI (acpi_id[0x31] high edge lint[0x1])
May 26 21:58:49 ubuntu kernel: [    0.000000] ACPI: LAPIC_NMI (acpi_id[0x32] high edge lint[0x1])
May 26 21:58:49 ubuntu kernel: [    0.000000] ACPI: LAPIC_NMI (acpi_id[0x33] high edge lint[0x1])
May 26 21:58:49 ubuntu kernel: [    0.000000] ACPI: LAPIC_NMI (acpi_id[0x34] high edge lint[0x1])
May 26 21:58:49 ubuntu kernel: [    0.000000] ACPI: LAPIC_NMI (acpi_id[0x35] high edge lint[0x1])
May 26 21:58:49 ubuntu kernel: [    0.000000] ACPI: LAPIC_NMI (acpi_id[0x36] high edge lint[0x1])
May 26 21:58:49 ubuntu kernel: [    0.000000] ACPI: LAPIC_NMI (acpi_id[0x37] high edge lint[0x1])
May 26 21:58:49 ubuntu kernel: [    0.000000] ACPI: LAPIC_NMI (acpi_id[0x38] high edge lint[0x1])
May 26 21:58:49 ubuntu kernel: [    0.000000] ACPI: LAPIC_NMI (acpi_id[0x39] high edge lint[0x1])
May 26 21:58:49 ubuntu kernel: [    0.000000] ACPI: LAPIC_NMI (acpi_id[0x3a] high edge lint[0x1])
May 26 21:58:49 ubuntu kernel: [    0.000000] ACPI: LAPIC_NMI (acpi_id[0x3b] high edge lint[0x1])
May 26 21:58:49 ubuntu kernel: [    0.000000] ACPI: LAPIC_NMI (acpi_id[0x3c] high edge lint[0x1])
May 26 21:58:49 ubuntu kernel: [    0.000000] ACPI: LAPIC_NMI (acpi_id[0x3d] high edge lint[0x1])
May 26 21:58:49 ubuntu kernel: [    0.000000] ACPI: LAPIC_NMI (acpi_id[0x3e] high edge lint[0x1])
May 26 21:58:49 ubuntu kernel: [    0.000000] ACPI: LAPIC_NMI (acpi_id[0x3f] high edge lint[0x1])
May 26 21:58:49 ubuntu kernel: [    0.000000] ACPI: LAPIC_NMI (acpi_id[0x40] high edge lint[0x1])
May 26 21:58:49 ubuntu kernel: [    0.000000] ACPI: LAPIC_NMI (acpi_id[0x41] high edge lint[0x1])
May 26 21:58:49 ubuntu kernel: [    0.000000] ACPI: LAPIC_NMI (acpi_id[0x42] high edge lint[0x1])
May 26 21:58:49 ubuntu kernel: [    0.000000] ACPI: LAPIC_NMI (acpi_id[0x43] high edge lint[0x1])
May 26 21:58:49 ubuntu kernel: [    0.000000] ACPI: LAPIC_NMI (acpi_id[0x44] high edge lint[0x1])
May 26 21:58:49 ubuntu kernel: [    0.000000] ACPI: LAPIC_NMI (acpi_id[0x45] high edge lint[0x1])
May 26 21:58:49 ubuntu kernel: [    0.000000] ACPI: LAPIC_NMI (acpi_id[0x46] high edge lint[0x1])
May 26 21:58:49 ubuntu kernel: [    0.000000] ACPI: LAPIC_NMI (acpi_id[0x47] high edge lint[0x1])
May 26 21:58:49 ubuntu kernel: [    0.000000] ACPI: LAPIC_NMI (acpi_id[0x48] high edge lint[0x1])
May 26 21:58:49 ubuntu kernel: [    0.000000] ACPI: LAPIC_NMI (acpi_id[0x49] high edge lint[0x1])
May 26 21:58:49 ubuntu kernel: [    0.000000] ACPI: LAPIC_NMI (acpi_id[0x4a] high edge lint[0x1])
May 26 21:58:49 ubuntu kernel: [    0.000000] ACPI: LAPIC_NMI (acpi_id[0x4b] high edge lint[0x1])
May 26 21:58:49 ubuntu kernel: [    0.000000] ACPI: LAPIC_NMI (acpi_id[0x4c] high edge lint[0x1])
May 26 21:58:49 ubuntu kernel: [    0.000000] ACPI: LAPIC_NMI (acpi_id[0x4d] high edge lint[0x1])
May 26 21:58:49 ubuntu kernel: [    0.000000] ACPI: LAPIC_NMI (acpi_id[0x4e] high edge lint[0x1])
May 26 21:58:49 ubuntu kernel: [    0.000000] ACPI: LAPIC_NMI (acpi_id[0x4f] high edge lint[0x1])
May 26 21:58:49 ubuntu kernel: [    0.000000] ACPI: LAPIC_NMI (acpi_id[0x50] high edge lint[0x1])
May 26 21:58:49 ubuntu kernel: [    0.000000] ACPI: LAPIC_NMI (acpi_id[0x51] high edge lint[0x1])
May 26 21:58:49 ubuntu kernel: [    0.000000] ACPI: LAPIC_NMI (acpi_id[0x52] high edge lint[0x1])
May 26 21:58:49 ubuntu kernel: [    0.000000] ACPI: LAPIC_NMI (acpi_id[0x53] high edge lint[0x1])
May 26 21:58:49 ubuntu kernel: [    0.000000] ACPI: LAPIC_NMI (acpi_id[0x54] high edge lint[0x1])
May 26 21:58:49 ubuntu kernel: [    0.000000] ACPI: LAPIC_NMI (acpi_id[0x55] high edge lint[0x1])
May 26 21:58:49 ubuntu kernel: [    0.000000] ACPI: LAPIC_NMI (acpi_id[0x56] high edge lint[0x1])
May 26 21:58:49 ubuntu kernel: [    0.000000] ACPI: LAPIC_NMI (acpi_id[0x57] high edge lint[0x1])
May 26 21:58:49 ubuntu kernel: [    0.000000] ACPI: LAPIC_NMI (acpi_id[0x58] high edge lint[0x1])
May 26 21:58:49 ubuntu kernel: [    0.000000] ACPI: LAPIC_NMI (acpi_id[0x59] high edge lint[0x1])
May 26 21:58:49 ubuntu kernel: [    0.000000] ACPI: LAPIC_NMI (acpi_id[0x5a] high edge lint[0x1])
May 26 21:58:49 ubuntu kernel: [    0.000000] ACPI: LAPIC_NMI (acpi_id[0x5b] high edge lint[0x1])
May 26 21:58:49 ubuntu kernel: [    0.000000] ACPI: LAPIC_NMI (acpi_id[0x5c] high edge lint[0x1])
May 26 21:58:49 ubuntu kernel: [    0.000000] ACPI: LAPIC_NMI (acpi_id[0x5d] high edge lint[0x1])
May 26 21:58:49 ubuntu kernel: [    0.000000] ACPI: LAPIC_NMI (acpi_id[0x5e] high edge lint[0x1])
May 26 21:58:49 ubuntu kernel: [    0.000000] ACPI: LAPIC_NMI (acpi_id[0x5f] high edge lint[0x1])
May 26 21:58:49 ubuntu kernel: [    0.000000] ACPI: LAPIC_NMI (acpi_id[0x60] high edge lint[0x1])
May 26 21:58:49 ubuntu kernel: [    0.000000] ACPI: LAPIC_NMI (acpi_id[0x61] high edge lint[0x1])
May 26 21:58:49 ubuntu kernel: [    0.000000] ACPI: LAPIC_NMI (acpi_id[0x62] high edge lint[0x1])
May 26 21:58:49 ubuntu kernel: [    0.000000] ACPI: LAPIC_NMI (acpi_id[0x63] high edge lint[0x1])
May 26 21:58:49 ubuntu kernel: [    0.000000] ACPI: LAPIC_NMI (acpi_id[0x64] high edge lint[0x1])
May 26 21:58:49 ubuntu kernel: [    0.000000] ACPI: LAPIC_NMI (acpi_id[0x65] high edge lint[0x1])
May 26 21:58:49 ubuntu kernel: [    0.000000] ACPI: LAPIC_NMI (acpi_id[0x66] high edge lint[0x1])
May 26 21:58:49 ubuntu kernel: [    0.000000] ACPI: LAPIC_NMI (acpi_id[0x67] high edge lint[0x1])
May 26 21:58:49 ubuntu kernel: [    0.000000] ACPI: LAPIC_NMI (acpi_id[0x68] high edge lint[0x1])
May 26 21:58:49 ubuntu kernel: [    0.000000] ACPI: LAPIC_NMI (acpi_id[0x69] high edge lint[0x1])
May 26 21:58:49 ubuntu kernel: [    0.000000] ACPI: LAPIC_NMI (acpi_id[0x6a] high edge lint[0x1])
May 26 21:58:49 ubuntu kernel: [    0.000000] ACPI: LAPIC_NMI (acpi_id[0x6b] high edge lint[0x1])
May 26 21:58:49 ubuntu kernel: [    0.000000] ACPI: LAPIC_NMI (acpi_id[0x6c] high edge lint[0x1])
May 26 21:58:49 ubuntu kernel: [    0.000000] ACPI: LAPIC_NMI (acpi_id[0x6d] high edge lint[0x1])
May 26 21:58:49 ubuntu kernel: [    0.000000] ACPI: LAPIC_NMI (acpi_id[0x6e] high edge lint[0x1])
May 26 21:58:49 ubuntu kernel: [    0.000000] ACPI: LAPIC_NMI (acpi_id[0x6f] high edge lint[0x1])
May 26 21:58:49 ubuntu kernel: [    0.000000] ACPI: LAPIC_NMI (acpi_id[0x70] high edge lint[0x1])
May 26 21:58:49 ubuntu kernel: [    0.000000] ACPI: LAPIC_NMI (acpi_id[0x71] high edge lint[0x1])
May 26 21:58:49 ubuntu kernel: [    0.000000] ACPI: LAPIC_NMI (acpi_id[0x72] high edge lint[0x1])
May 26 21:58:49 ubuntu kernel: [    0.000000] ACPI: LAPIC_NMI (acpi_id[0x73] high edge lint[0x1])
May 26 21:58:49 ubuntu kernel: [    0.000000] ACPI: LAPIC_NMI (acpi_id[0x74] high edge lint[0x1])
May 26 21:58:49 ubuntu kernel: [    0.000000] ACPI: LAPIC_NMI (acpi_id[0x75] high edge lint[0x1])
May 26 21:58:49 ubuntu kernel: [    0.000000] ACPI: LAPIC_NMI (acpi_id[0x76] high edge lint[0x1])
May 26 21:58:49 ubuntu kernel: [    0.000000] ACPI: LAPIC_NMI (acpi_id[0x77] high edge lint[0x1])
May 26 21:58:49 ubuntu kernel: [    0.000000] ACPI: LAPIC_NMI (acpi_id[0x78] high edge lint[0x1])
May 26 21:58:49 ubuntu kernel: [    0.000000] ACPI: LAPIC_NMI (acpi_id[0x79] high edge lint[0x1])
May 26 21:58:49 ubuntu kernel: [    0.000000] ACPI: LAPIC_NMI (acpi_id[0x7a] high edge lint[0x1])
May 26 21:58:49 ubuntu kernel: [    0.000000] ACPI: LAPIC_NMI (acpi_id[0x7b] high edge lint[0x1])
May 26 21:58:49 ubuntu kernel: [    0.000000] ACPI: LAPIC_NMI (acpi_id[0x7c] high edge lint[0x1])
May 26 21:58:49 ubuntu kernel: [    0.000000] ACPI: LAPIC_NMI (acpi_id[0x7d] high edge lint[0x1])
May 26 21:58:49 ubuntu kernel: [    0.000000] ACPI: LAPIC_NMI (acpi_id[0x7e] high edge lint[0x1])
May 26 21:58:49 ubuntu kernel: [    0.000000] ACPI: LAPIC_NMI (acpi_id[0x7f] high edge lint[0x1])
May 26 21:58:49 ubuntu kernel: [    0.000000] IOAPIC[0]: apic_id 1, version 17, address 0xfec00000, GSI 0-23
May 26 21:58:49 ubuntu kernel: [    0.000000] ACPI: INT_SRC_OVR (bus 0 bus_irq 0 global_irq 2 high edge)
May 26 21:58:49 ubuntu kernel: [    0.000000] ACPI: IRQ0 used by override.
May 26 21:58:49 ubuntu kernel: [    0.000000] ACPI: IRQ9 used by override.
May 26 21:58:49 ubuntu kernel: [    0.000000] Using ACPI (MADT) for SMP configuration information
May 26 21:58:49 ubuntu kernel: [    0.000000] ACPI: HPET id: 0x8086af01 base: 0xfed00000
May 26 21:58:49 ubuntu kernel: [    0.000000] smpboot: Allowing 128 CPUs, 127 hotplug CPUs
May 26 21:58:49 ubuntu kernel: [    0.000000] PM: Registered nosave memory: [mem 0x00000000-0x00000fff]
May 26 21:58:49 ubuntu kernel: [    0.000000] PM: Registered nosave memory: [mem 0x0009e000-0x0009efff]
May 26 21:58:49 ubuntu kernel: [    0.000000] PM: Registered nosave memory: [mem 0x0009f000-0x0009ffff]
May 26 21:58:49 ubuntu kernel: [    0.000000] PM: Registered nosave memory: [mem 0x000a0000-0x000dbfff]
May 26 21:58:49 ubuntu kernel: [    0.000000] PM: Registered nosave memory: [mem 0x000dc000-0x000fffff]
May 26 21:58:49 ubuntu kernel: [    0.000000] PM: Registered nosave memory: [mem 0x7fee0000-0x7fefefff]
May 26 21:58:49 ubuntu kernel: [    0.000000] PM: Registered nosave memory: [mem 0x7feff000-0x7fefffff]
May 26 21:58:49 ubuntu kernel: [    0.000000] e820: [mem 0x80000000-0xefffffff] available for PCI devices
May 26 21:58:49 ubuntu kernel: [    0.000000] Booting paravirtualized kernel on bare hardware
May 26 21:58:49 ubuntu kernel: [    0.000000] clocksource: refined-jiffies: mask: 0xffffffff max_cycles: 0xffffffff, max_idle_ns: 7645519600211568 ns
May 26 21:58:49 ubuntu kernel: [    0.000000] setup_percpu: NR_CPUS:512 nr_cpumask_bits:512 nr_cpu_ids:128 nr_node_ids:1
May 26 21:58:49 ubuntu kernel: [    0.000000] PERCPU: Embedded 33 pages/cpu @ffff88007b600000 s98264 r8192 d28712 u262144
May 26 21:58:49 ubuntu kernel: [    0.000000] pcpu-alloc: s98264 r8192 d28712 u262144 alloc=1*2097152
May 26 21:58:49 ubuntu kernel: [    0.000000] pcpu-alloc: [0] 000 001 002 003 004 005 006 007 
May 26 21:58:49 ubuntu kernel: [    0.000000] pcpu-alloc: [0] 008 009 010 011 012 013 014 015 
May 26 21:58:49 ubuntu kernel: [    0.000000] pcpu-alloc: [0] 016 017 018 019 020 021 022 023 
May 26 21:58:49 ubuntu kernel: [    0.000000] pcpu-alloc: [0] 024 025 026 027 028 029 030 031 
May 26 21:58:49 ubuntu kernel: [    0.000000] pcpu-alloc: [0] 032 033 034 035 036 037 038 039 
May 26 21:58:49 ubuntu kernel: [    0.000000] pcpu-alloc: [0] 040 041 042 043 044 045 046 047 
May 26 21:58:49 ubuntu kernel: [    0.000000] pcpu-alloc: [0] 048 049 050 051 052 053 054 055 
May 26 21:58:49 ubuntu kernel: [    0.000000] pcpu-alloc: [0] 056 057 058 059 060 061 062 063 
May 26 21:58:49 ubuntu kernel: [    0.000000] pcpu-alloc: [0] 064 065 066 067 068 069 070 071 
May 26 21:58:49 ubuntu kernel: [    0.000000] pcpu-alloc: [0] 072 073 074 075 076 077 078 079 
May 26 21:58:49 ubuntu kernel: [    0.000000] pcpu-alloc: [0] 080 081 082 083 084 085 086 087 
May 26 21:58:49 ubuntu kernel: [    0.000000] pcpu-alloc: [0] 088 089 090 091 092 093 094 095 
May 26 21:58:49 ubuntu kernel: [    0.000000] pcpu-alloc: [0] 096 097 098 099 100 101 102 103 
May 26 21:58:49 ubuntu kernel: [    0.000000] pcpu-alloc: [0] 104 105 106 107 108 109 110 111 
May 26 21:58:49 ubuntu kernel: [    0.000000] pcpu-alloc: [0] 112 113 114 115 116 117 118 119 
May 26 21:58:49 ubuntu kernel: [    0.000000] pcpu-alloc: [0] 120 121 122 123 124 125 126 127 
May 26 21:58:49 ubuntu kernel: [    0.000000] Built 1 zonelists in Node order, mobility grouping on.  Total pages: 515944
May 26 21:58:49 ubuntu kernel: [    0.000000] Policy zone: DMA32
May 26 21:58:49 ubuntu kernel: [    0.000000] Kernel command line: BOOT_IMAGE=/boot/vmlinuz-4.4.0-72-generic root=UUID=afcb2713-679c-4cb7-8b43-f08de1d74a44 ro splash quiet
May 26 21:58:49 ubuntu kernel: [    0.000000] log_buf_len individual max cpu contribution: 4096 bytes
May 26 21:58:49 ubuntu kernel: [    0.000000] log_buf_len total cpu_extra contributions: 520192 bytes
May 26 21:58:49 ubuntu kernel: [    0.000000] log_buf_len min size: 262144 bytes
May 26 21:58:49 ubuntu kernel: [    0.000000] log_buf_len: 1048576 bytes
May 26 21:58:49 ubuntu kernel: [    0.000000] early log buf free: 236672(90%)
May 26 21:58:49 ubuntu kernel: [    0.000000] PID hash table entries: 4096 (order: 3, 32768 bytes)
May 26 21:58:49 ubuntu kernel: [    0.000000] Calgary: detecting Calgary via BIOS EBDA area
May 26 21:58:49 ubuntu kernel: [    0.000000] Calgary: Unable to locate Rio Grande table in EBDA - bailing!
May 26 21:58:49 ubuntu kernel: [    0.000000] Memory: 1990212K/2096628K available (8452K kernel code, 1293K rwdata, 3976K rodata, 1484K init, 1316K bss, 106416K reserved, 0K cma-reserved)
May 26 21:58:49 ubuntu kernel: [    0.000000] SLUB: HWalign=64, Order=0-3, MinObjects=0, CPUs=128, Nodes=1
May 26 21:58:49 ubuntu kernel: [    0.000000] Hierarchical RCU implementation.
May 26 21:58:49 ubuntu kernel: [    0.000000] 	Build-time adjustment of leaf fanout to 64.
May 26 21:58:49 ubuntu kernel: [    0.000000] 	RCU restricting CPUs from NR_CPUS=512 to nr_cpu_ids=128.
May 26 21:58:49 ubuntu kernel: [    0.000000] RCU: Adjusting geometry for rcu_fanout_leaf=64, nr_cpu_ids=128
May 26 21:58:49 ubuntu kernel: [    0.000000] NR_IRQS:33024 nr_irqs:1448 16
May 26 21:58:49 ubuntu kernel: [    0.000000] Console: colour VGA+ 80x25
May 26 21:58:49 ubuntu kernel: [    0.000000] console [tty0] enabled
May 26 21:58:49 ubuntu kernel: [    0.000000] clocksource: hpet: mask: 0xffffffff max_cycles: 0xffffffff, max_idle_ns: 133484882848 ns
May 26 21:58:49 ubuntu kernel: [    0.000000] hpet clockevent registered
May 26 21:58:49 ubuntu kernel: [    0.000000] TSC freq read from hypervisor : 3407.998 MHz
May 26 21:58:49 ubuntu kernel: [    0.000000] tsc: Detected 3407.998 MHz processor
May 26 21:58:49 ubuntu kernel: [    0.000104] Calibrating delay loop (skipped) preset value.. 6815.99 BogoMIPS (lpj=13631992)
May 26 21:58:49 ubuntu kernel: [    0.000106] pid_max: default: 131072 minimum: 1024
May 26 21:58:49 ubuntu kernel: [    0.000114] ACPI: Core revision 20150930
May 26 21:58:49 ubuntu kernel: [    0.011362] ACPI: 1 ACPI AML tables successfully acquired and loaded
May 26 21:58:49 ubuntu kernel: [    0.011447] Security Framework initialized
May 26 21:58:49 ubuntu kernel: [    0.011448] Yama: becoming mindful.
May 26 21:58:49 ubuntu kernel: [    0.011532] AppArmor: AppArmor initialized
May 26 21:58:49 ubuntu kernel: [    0.011658] Dentry cache hash table entries: 262144 (order: 9, 2097152 bytes)
May 26 21:58:49 ubuntu kernel: [    0.012194] Inode-cache hash table entries: 131072 (order: 8, 1048576 bytes)
May 26 21:58:49 ubuntu kernel: [    0.012516] Mount-cache hash table entries: 4096 (order: 3, 32768 bytes)
May 26 21:58:49 ubuntu kernel: [    0.012519] Mountpoint-cache hash table entries: 4096 (order: 3, 32768 bytes)
May 26 21:58:49 ubuntu kernel: [    0.014195] Initializing cgroup subsys io
May 26 21:58:49 ubuntu kernel: [    0.014198] Initializing cgroup subsys memory
May 26 21:58:49 ubuntu kernel: [    0.014207] Initializing cgroup subsys devices
May 26 21:58:49 ubuntu kernel: [    0.014208] Initializing cgroup subsys freezer
May 26 21:58:49 ubuntu kernel: [    0.014209] Initializing cgroup subsys net_cls
May 26 21:58:49 ubuntu kernel: [    0.014211] Initializing cgroup subsys perf_event
May 26 21:58:49 ubuntu kernel: [    0.014214] Initializing cgroup subsys net_prio
May 26 21:58:49 ubuntu kernel: [    0.014411] Initializing cgroup subsys hugetlb
May 26 21:58:49 ubuntu kernel: [    0.014413] Initializing cgroup subsys pids
May 26 21:58:49 ubuntu kernel: [    0.014534] Disabled fast string operations
May 26 21:58:49 ubuntu kernel: [    0.014537] CPU: Physical Processor ID: 0
May 26 21:58:49 ubuntu kernel: [    0.014544] ENERGY_PERF_BIAS: Set to 'normal', was 'performance'
May 26 21:58:49 ubuntu kernel: [    0.014545] ENERGY_PERF_BIAS: View and update with x86_energy_perf_policy(8)
May 26 21:58:49 ubuntu kernel: [    0.015504] mce: CPU supports 0 MCE banks
May 26 21:58:49 ubuntu kernel: [    0.015534] Last level iTLB entries: 4KB 64, 2MB 8, 4MB 8
May 26 21:58:49 ubuntu kernel: [    0.015535] Last level dTLB entries: 4KB 64, 2MB 0, 4MB 0, 1GB 4
May 26 21:58:49 ubuntu kernel: [    0.031694] ftrace: allocating 32111 entries in 126 pages
May 26 21:58:49 ubuntu kernel: [    0.058134] smpboot: APIC(0) Converting physical 0 to logical package 0
May 26 21:58:49 ubuntu kernel: [    0.058136] smpboot: Max logical packages: 128
May 26 21:58:49 ubuntu kernel: [    0.059017] x2apic enabled
May 26 21:58:49 ubuntu kernel: [    0.059090] Switched APIC routing to physical x2apic.
May 26 21:58:49 ubuntu kernel: [    0.059443] ..TIMER: vector=0x30 apic1=0 pin1=2 apic2=-1 pin2=-1
May 26 21:58:49 ubuntu kernel: [    0.099295] TSC deadline timer enabled
May 26 21:58:49 ubuntu kernel: [    0.099305] smpboot: CPU0: Intel(R) Core(TM) i7-6700 CPU @ 3.40GHz (family: 0x6, model: 0x5e, stepping: 0x3)
May 26 21:58:49 ubuntu kernel: [    0.099326] Performance Events: 32-deep LBR, Skylake events, core PMU driver.
May 26 21:58:49 ubuntu kernel: [    0.099347] core: CPUID marked event: 'cpu cycles' unavailable
May 26 21:58:49 ubuntu kernel: [    0.099347] core: CPUID marked event: 'instructions' unavailable
May 26 21:58:49 ubuntu kernel: [    0.099348] core: CPUID marked event: 'bus cycles' unavailable
May 26 21:58:49 ubuntu kernel: [    0.099348] core: CPUID marked event: 'cache references' unavailable
May 26 21:58:49 ubuntu kernel: [    0.099349] core: CPUID marked event: 'cache misses' unavailable
May 26 21:58:49 ubuntu kernel: [    0.099349] core: CPUID marked event: 'branch instructions' unavailable
May 26 21:58:49 ubuntu kernel: [    0.099350] core: CPUID marked event: 'branch misses' unavailable
May 26 21:58:49 ubuntu kernel: [    0.099351] ... version:                1
May 26 21:58:49 ubuntu kernel: [    0.099352] ... bit width:              48
May 26 21:58:49 ubuntu kernel: [    0.099352] ... generic registers:      4
May 26 21:58:49 ubuntu kernel: [    0.099353] ... value mask:             0000ffffffffffff
May 26 21:58:49 ubuntu kernel: [    0.099353] ... max period:             000000007fffffff
May 26 21:58:49 ubuntu kernel: [    0.099354] ... fixed-purpose events:   0
May 26 21:58:49 ubuntu kernel: [    0.099354] ... event mask:             000000000000000f
May 26 21:58:49 ubuntu kernel: [    0.107447] NMI watchdog: disabled (cpu0): hardware events not enabled
May 26 21:58:49 ubuntu kernel: [    0.107449] NMI watchdog: Shutting down hard lockup detector on all cpus
May 26 21:58:49 ubuntu kernel: [    0.125013] x86: Booted up 1 node, 1 CPUs
May 26 21:58:49 ubuntu kernel: [    0.125016] smpboot: Total of 1 processors activated (6815.99 BogoMIPS)
May 26 21:58:49 ubuntu kernel: [    0.126533] devtmpfs: initialized
May 26 21:58:49 ubuntu kernel: [    0.128652] evm: security.selinux
May 26 21:58:49 ubuntu kernel: [    0.128653] evm: security.SMACK64
May 26 21:58:49 ubuntu kernel: [    0.128654] evm: security.SMACK64EXEC
May 26 21:58:49 ubuntu kernel: [    0.128654] evm: security.SMACK64TRANSMUTE
May 26 21:58:49 ubuntu kernel: [    0.128655] evm: security.SMACK64MMAP
May 26 21:58:49 ubuntu kernel: [    0.128655] evm: security.ima
May 26 21:58:49 ubuntu kernel: [    0.128656] evm: security.capability
May 26 21:58:49 ubuntu kernel: [    0.128723] PM: Registering ACPI NVS region [mem 0x7feff000-0x7fefffff] (4096 bytes)
May 26 21:58:49 ubuntu kernel: [    0.128805] clocksource: jiffies: mask: 0xffffffff max_cycles: 0xffffffff, max_idle_ns: 7645041785100000 ns
May 26 21:58:49 ubuntu kernel: [    0.129037] pinctrl core: initialized pinctrl subsystem
May 26 21:58:49 ubuntu kernel: [    0.129189] RTC time:  2:58:42, date: 05/27/17
May 26 21:58:49 ubuntu kernel: [    0.130268] NET: Registered protocol family 16
May 26 21:58:49 ubuntu kernel: [    0.130584] cpuidle: using governor ladder
May 26 21:58:49 ubuntu kernel: [    0.130586] cpuidle: using governor menu
May 26 21:58:49 ubuntu kernel: [    0.130588] PCCT header not found.
May 26 21:58:49 ubuntu kernel: [    0.130611] Simple Boot Flag at 0x36 set to 0x80
May 26 21:58:49 ubuntu kernel: [    0.130661] ACPI: bus type PCI registered
May 26 21:58:49 ubuntu kernel: [    0.130662] acpiphp: ACPI Hot Plug PCI Controller Driver version: 0.5
May 26 21:58:49 ubuntu kernel: [    0.131185] PCI: MMCONFIG for domain 0000 [bus 00-7f] at [mem 0xf0000000-0xf7ffffff] (base 0xf0000000)
May 26 21:58:49 ubuntu kernel: [    0.131187] PCI: MMCONFIG at [mem 0xf0000000-0xf7ffffff] reserved in E820
May 26 21:58:49 ubuntu kernel: [    0.131191] PCI: Using configuration type 1 for base access
May 26 21:58:49 ubuntu kernel: [    0.133119] ACPI: Added _OSI(Module Device)
May 26 21:58:49 ubuntu kernel: [    0.133120] ACPI: Added _OSI(Processor Device)
May 26 21:58:49 ubuntu kernel: [    0.133121] ACPI: Added _OSI(3.0 _SCP Extensions)
May 26 21:58:49 ubuntu kernel: [    0.133122] ACPI: Added _OSI(Processor Aggregator Device)
May 26 21:58:49 ubuntu kernel: [    0.141138] [Firmware Bug]: ACPI: BIOS _OSI(Linux) query ignored
May 26 21:58:49 ubuntu kernel: [    0.154068] ACPI: Interpreter enabled
May 26 21:58:49 ubuntu kernel: [    0.154079] ACPI: (supports S0 S1 S4 S5)
May 26 21:58:49 ubuntu kernel: [    0.154081] ACPI: Using IOAPIC for interrupt routing
May 26 21:58:49 ubuntu kernel: [    0.154403] PCI: Using host bridge windows from ACPI; if necessary, use "pci=nocrs" and report a bug
May 26 21:58:49 ubuntu kernel: [    0.213035] ACPI: PCI Root Bridge [PCI0] (domain 0000 [bus 00-7f])
May 26 21:58:49 ubuntu kernel: [    0.213045] acpi PNP0A03:00: _OSC: OS supports [ExtendedConfig ASPM ClockPM Segments MSI]
May 26 21:58:49 ubuntu kernel: [    0.213228] acpi PNP0A03:00: _OSC: platform does not support [AER]
May 26 21:58:49 ubuntu kernel: [    0.213398] acpi PNP0A03:00: _OSC: OS now controls [PCIeHotplug PME PCIeCapability]
May 26 21:58:49 ubuntu kernel: [    0.215027] PCI host bridge to bus 0000:00
May 26 21:58:49 ubuntu kernel: [    0.215033] pci_bus 0000:00: root bus resource [mem 0x000a0000-0x000bffff window]
May 26 21:58:49 ubuntu kernel: [    0.215034] pci_bus 0000:00: root bus resource [mem 0x000d0000-0x000d3fff window]
May 26 21:58:49 ubuntu kernel: [    0.215036] pci_bus 0000:00: root bus resource [mem 0x000d4000-0x000d7fff window]
May 26 21:58:49 ubuntu kernel: [    0.215037] pci_bus 0000:00: root bus resource [mem 0x000d8000-0x000dbfff window]
May 26 21:58:49 ubuntu kernel: [    0.215038] pci_bus 0000:00: root bus resource [mem 0xc0000000-0xfebfffff window]
May 26 21:58:49 ubuntu kernel: [    0.215040] pci_bus 0000:00: root bus resource [io  0x0000-0x0cf7 window]
May 26 21:58:49 ubuntu kernel: [    0.215041] pci_bus 0000:00: root bus resource [io  0x0d00-0xfeff window]
May 26 21:58:49 ubuntu kernel: [    0.215043] pci_bus 0000:00: root bus resource [bus 00-7f]
May 26 21:58:49 ubuntu kernel: [    0.215115] pci 0000:00:00.0: [8086:7190] type 00 class 0x060000
May 26 21:58:49 ubuntu kernel: [    0.215685] pci 0000:00:01.0: [8086:7191] type 01 class 0x060400
May 26 21:58:49 ubuntu kernel: [    0.216119] pci 0000:00:07.0: [8086:7110] type 00 class 0x060100
May 26 21:58:49 ubuntu kernel: [    0.216707] pci 0000:00:07.1: [8086:7111] type 00 class 0x01018a
May 26 21:58:49 ubuntu kernel: [    0.217570] pci 0000:00:07.1: reg 0x20: [io  0x1060-0x106f]
May 26 21:58:49 ubuntu kernel: [    0.217864] pci 0000:00:07.1: legacy IDE quirk: reg 0x10: [io  0x01f0-0x01f7]
May 26 21:58:49 ubuntu kernel: [    0.217865] pci 0000:00:07.1: legacy IDE quirk: reg 0x14: [io  0x03f6]
May 26 21:58:49 ubuntu kernel: [    0.217865] pci 0000:00:07.1: legacy IDE quirk: reg 0x18: [io  0x0170-0x0177]
May 26 21:58:49 ubuntu kernel: [    0.217866] pci 0000:00:07.1: legacy IDE quirk: reg 0x1c: [io  0x0376]
May 26 21:58:49 ubuntu kernel: [    0.218126] pci 0000:00:07.3: [8086:7113] type 00 class 0x068000
May 26 21:58:49 ubuntu kernel: [    0.218942] pci 0000:00:07.3: quirk: [io  0x1000-0x103f] claimed by PIIX4 ACPI
May 26 21:58:49 ubuntu kernel: [    0.218950] pci 0000:00:07.3: quirk: [io  0x1040-0x104f] claimed by PIIX4 SMB
May 26 21:58:49 ubuntu kernel: [    0.219180] pci 0000:00:07.7: [15ad:0740] type 00 class 0x088000
May 26 21:58:49 ubuntu kernel: [    0.219648] pci 0000:00:07.7: reg 0x10: [io  0x1080-0x10bf]
May 26 21:58:49 ubuntu kernel: [    0.220034] pci 0000:00:07.7: reg 0x14: [mem 0xfebfe000-0xfebfffff 64bit]
May 26 21:58:49 ubuntu kernel: [    0.221709] pci 0000:00:0f.0: [15ad:0405] type 00 class 0x030000
May 26 21:58:49 ubuntu kernel: [    0.222739] pci 0000:00:0f.0: reg 0x10: [io  0x1070-0x107f]
May 26 21:58:49 ubuntu kernel: [    0.223730] pci 0000:00:0f.0: reg 0x14: [mem 0xe8000000-0xefffffff pref]
May 26 21:58:49 ubuntu kernel: [    0.224658] pci 0000:00:0f.0: reg 0x18: [mem 0xfe000000-0xfe7fffff]
May 26 21:58:49 ubuntu kernel: [    0.228818] pci 0000:00:0f.0: reg 0x30: [mem 0x00000000-0x00007fff pref]
May 26 21:58:49 ubuntu kernel: [    0.229154] pci 0000:00:10.0: [1000:0030] type 00 class 0x010000
May 26 21:58:49 ubuntu kernel: [    0.229899] pci 0000:00:10.0: reg 0x10: [io  0x1400-0x14ff]
May 26 21:58:49 ubuntu kernel: [    0.230715] pci 0000:00:10.0: reg 0x14: [mem 0xfeba0000-0xfebbffff 64bit]
May 26 21:58:49 ubuntu kernel: [    0.231271] pci 0000:00:10.0: reg 0x1c: [mem 0xfebc0000-0xfebdffff 64bit]
May 26 21:58:49 ubuntu kernel: [    0.232287] pci 0000:00:10.0: reg 0x30: [mem 0x00000000-0x00003fff pref]
May 26 21:58:49 ubuntu kernel: [    0.232640] pci 0000:00:11.0: [15ad:0790] type 01 class 0x060401
May 26 21:58:49 ubuntu kernel: [    0.233131] pci 0000:00:11.0: System wakeup disabled by ACPI
May 26 21:58:49 ubuntu kernel: [    0.233290] pci 0000:00:15.0: [15ad:07a0] type 01 class 0x060400
May 26 21:58:49 ubuntu kernel: [    0.233790] pci 0000:00:15.0: PME# supported from D0 D3hot D3cold
May 26 21:58:49 ubuntu kernel: [    0.233908] pci 0000:00:15.0: System wakeup disabled by ACPI
May 26 21:58:49 ubuntu kernel: [    0.234022] pci 0000:00:15.1: [15ad:07a0] type 01 class 0x060400
May 26 21:58:49 ubuntu kernel: [    0.234501] pci 0000:00:15.1: PME# supported from D0 D3hot D3cold
May 26 21:58:49 ubuntu kernel: [    0.234666] pci 0000:00:15.1: System wakeup disabled by ACPI
May 26 21:58:49 ubuntu kernel: [    0.234794] pci 0000:00:15.2: [15ad:07a0] type 01 class 0x060400
May 26 21:58:49 ubuntu kernel: [    0.235293] pci 0000:00:15.2: PME# supported from D0 D3hot D3cold
May 26 21:58:49 ubuntu kernel: [    0.235411] pci 0000:00:15.2: System wakeup disabled by ACPI
May 26 21:58:49 ubuntu kernel: [    0.235579] pci 0000:00:15.3: [15ad:07a0] type 01 class 0x060400
May 26 21:58:49 ubuntu kernel: [    0.236110] pci 0000:00:15.3: PME# supported from D0 D3hot D3cold
May 26 21:58:49 ubuntu kernel: [    0.236242] pci 0000:00:15.3: System wakeup disabled by ACPI
May 26 21:58:49 ubuntu kernel: [    0.236327] pci 0000:00:15.4: [15ad:07a0] type 01 class 0x060400
May 26 21:58:49 ubuntu kernel: [    0.236840] pci 0000:00:15.4: PME# supported from D0 D3hot D3cold
May 26 21:58:49 ubuntu kernel: [    0.236955] pci 0000:00:15.4: System wakeup disabled by ACPI
May 26 21:58:49 ubuntu kernel: [    0.237145] pci 0000:00:15.5: [15ad:07a0] type 01 class 0x060400
May 26 21:58:49 ubuntu kernel: [    0.237648] pci 0000:00:15.5: PME# supported from D0 D3hot D3cold
May 26 21:58:49 ubuntu kernel: [    0.237791] pci 0000:00:15.5: System wakeup disabled by ACPI
May 26 21:58:49 ubuntu kernel: [    0.237880] pci 0000:00:15.6: [15ad:07a0] type 01 class 0x060400
May 26 21:58:49 ubuntu kernel: [    0.238435] pci 0000:00:15.6: PME# supported from D0 D3hot D3cold
May 26 21:58:49 ubuntu kernel: [    0.238651] pci 0000:00:15.6: System wakeup disabled by ACPI
May 26 21:58:49 ubuntu kernel: [    0.238737] pci 0000:00:15.7: [15ad:07a0] type 01 class 0x060400
May 26 21:58:49 ubuntu kernel: [    0.239239] pci 0000:00:15.7: PME# supported from D0 D3hot D3cold
May 26 21:58:49 ubuntu kernel: [    0.239354] pci 0000:00:15.7: System wakeup disabled by ACPI
May 26 21:58:49 ubuntu kernel: [    0.239459] pci 0000:00:16.0: [15ad:07a0] type 01 class 0x060400
May 26 21:58:49 ubuntu kernel: [    0.239956] pci 0000:00:16.0: PME# supported from D0 D3hot D3cold
May 26 21:58:49 ubuntu kernel: [    0.240104] pci 0000:00:16.0: System wakeup disabled by ACPI
May 26 21:58:49 ubuntu kernel: [    0.240242] pci 0000:00:16.1: [15ad:07a0] type 01 class 0x060400
May 26 21:58:49 ubuntu kernel: [    0.240808] pci 0000:00:16.1: PME# supported from D0 D3hot D3cold
May 26 21:58:49 ubuntu kernel: [    0.241072] pci 0000:00:16.1: System wakeup disabled by ACPI
May 26 21:58:49 ubuntu kernel: [    0.241229] pci 0000:00:16.2: [15ad:07a0] type 01 class 0x060400
May 26 21:58:49 ubuntu kernel: [    0.241771] pci 0000:00:16.2: PME# supported from D0 D3hot D3cold
May 26 21:58:49 ubuntu kernel: [    0.241939] pci 0000:00:16.2: System wakeup disabled by ACPI
May 26 21:58:49 ubuntu kernel: [    0.242271] pci 0000:00:16.3: [15ad:07a0] type 01 class 0x060400
May 26 21:58:49 ubuntu kernel: [    0.242774] pci 0000:00:16.3: PME# supported from D0 D3hot D3cold
May 26 21:58:49 ubuntu kernel: [    0.242895] pci 0000:00:16.3: System wakeup disabled by ACPI
May 26 21:58:49 ubuntu kernel: [    0.243066] pci 0000:00:16.4: [15ad:07a0] type 01 class 0x060400
May 26 21:58:49 ubuntu kernel: [    0.243594] pci 0000:00:16.4: PME# supported from D0 D3hot D3cold
May 26 21:58:49 ubuntu kernel: [    0.243740] pci 0000:00:16.4: System wakeup disabled by ACPI
May 26 21:58:49 ubuntu kernel: [    0.243833] pci 0000:00:16.5: [15ad:07a0] type 01 class 0x060400
May 26 21:58:49 ubuntu kernel: [    0.244463] pci 0000:00:16.5: PME# supported from D0 D3hot D3cold
May 26 21:58:49 ubuntu kernel: [    0.244733] pci 0000:00:16.5: System wakeup disabled by ACPI
May 26 21:58:49 ubuntu kernel: [    0.244874] pci 0000:00:16.6: [15ad:07a0] type 01 class 0x060400
May 26 21:58:49 ubuntu kernel: [    0.245529] pci 0000:00:16.6: PME# supported from D0 D3hot D3cold
May 26 21:58:49 ubuntu kernel: [    0.245692] pci 0000:00:16.6: System wakeup disabled by ACPI
May 26 21:58:49 ubuntu kernel: [    0.245833] pci 0000:00:16.7: [15ad:07a0] type 01 class 0x060400
May 26 21:58:49 ubuntu kernel: [    0.246493] pci 0000:00:16.7: PME# supported from D0 D3hot D3cold
May 26 21:58:49 ubuntu kernel: [    0.246668] pci 0000:00:16.7: System wakeup disabled by ACPI
May 26 21:58:49 ubuntu kernel: [    0.246881] pci 0000:00:17.0: [15ad:07a0] type 01 class 0x060400
May 26 21:58:49 ubuntu kernel: [    0.247481] pci 0000:00:17.0: PME# supported from D0 D3hot D3cold
May 26 21:58:49 ubuntu kernel: [    0.247664] pci 0000:00:17.0: System wakeup disabled by ACPI
May 26 21:58:49 ubuntu kernel: [    0.247809] pci 0000:00:17.1: [15ad:07a0] type 01 class 0x060400
May 26 21:58:49 ubuntu kernel: [    0.248524] pci 0000:00:17.1: PME# supported from D0 D3hot D3cold
May 26 21:58:49 ubuntu kernel: [    0.248747] pci 0000:00:17.1: System wakeup disabled by ACPI
May 26 21:58:49 ubuntu kernel: [    0.248933] pci 0000:00:17.2: [15ad:07a0] type 01 class 0x060400
May 26 21:58:49 ubuntu kernel: [    0.249519] pci 0000:00:17.2: PME# supported from D0 D3hot D3cold
May 26 21:58:49 ubuntu kernel: [    0.249690] pci 0000:00:17.2: System wakeup disabled by ACPI
May 26 21:58:49 ubuntu kernel: [    0.249788] pci 0000:00:17.3: [15ad:07a0] type 01 class 0x060400
May 26 21:58:49 ubuntu kernel: [    0.250329] pci 0000:00:17.3: PME# supported from D0 D3hot D3cold
May 26 21:58:49 ubuntu kernel: [    0.250464] pci 0000:00:17.3: System wakeup disabled by ACPI
May 26 21:58:49 ubuntu kernel: [    0.250643] pci 0000:00:17.4: [15ad:07a0] type 01 class 0x060400
May 26 21:58:49 ubuntu kernel: [    0.251203] pci 0000:00:17.4: PME# supported from D0 D3hot D3cold
May 26 21:58:49 ubuntu kernel: [    0.251338] pci 0000:00:17.4: System wakeup disabled by ACPI
May 26 21:58:49 ubuntu kernel: [    0.251485] pci 0000:00:17.5: [15ad:07a0] type 01 class 0x060400
May 26 21:58:49 ubuntu kernel: [    0.252093] pci 0000:00:17.5: PME# supported from D0 D3hot D3cold
May 26 21:58:49 ubuntu kernel: [    0.252255] pci 0000:00:17.5: System wakeup disabled by ACPI
May 26 21:58:49 ubuntu kernel: [    0.252349] pci 0000:00:17.6: [15ad:07a0] type 01 class 0x060400
May 26 21:58:49 ubuntu kernel: [    0.252980] pci 0000:00:17.6: PME# supported from D0 D3hot D3cold
May 26 21:58:49 ubuntu kernel: [    0.253168] pci 0000:00:17.6: System wakeup disabled by ACPI
May 26 21:58:49 ubuntu kernel: [    0.253332] pci 0000:00:17.7: [15ad:07a0] type 01 class 0x060400
May 26 21:58:49 ubuntu kernel: [    0.253961] pci 0000:00:17.7: PME# supported from D0 D3hot D3cold
May 26 21:58:49 ubuntu kernel: [    0.254174] pci 0000:00:17.7: System wakeup disabled by ACPI
May 26 21:58:49 ubuntu kernel: [    0.254329] pci 0000:00:18.0: [15ad:07a0] type 01 class 0x060400
May 26 21:58:49 ubuntu kernel: [    0.254908] pci 0000:00:18.0: PME# supported from D0 D3hot D3cold
May 26 21:58:49 ubuntu kernel: [    0.255046] pci 0000:00:18.0: System wakeup disabled by ACPI
May 26 21:58:49 ubuntu kernel: [    0.255219] pci 0000:00:18.1: [15ad:07a0] type 01 class 0x060400
May 26 21:58:49 ubuntu kernel: [    0.255821] pci 0000:00:18.1: PME# supported from D0 D3hot D3cold
May 26 21:58:49 ubuntu kernel: [    0.255964] pci 0000:00:18.1: System wakeup disabled by ACPI
May 26 21:58:49 ubuntu kernel: [    0.256270] pci 0000:00:18.2: [15ad:07a0] type 01 class 0x060400
May 26 21:58:49 ubuntu kernel: [    0.256950] pci 0000:00:18.2: PME# supported from D0 D3hot D3cold
May 26 21:58:49 ubuntu kernel: [    0.257141] pci 0000:00:18.2: System wakeup disabled by ACPI
May 26 21:58:49 ubuntu kernel: [    0.257308] pci 0000:00:18.3: [15ad:07a0] type 01 class 0x060400
May 26 21:58:49 ubuntu kernel: [    0.257886] pci 0000:00:18.3: PME# supported from D0 D3hot D3cold
May 26 21:58:49 ubuntu kernel: [    0.258034] pci 0000:00:18.3: System wakeup disabled by ACPI
May 26 21:58:49 ubuntu kernel: [    0.258146] pci 0000:00:18.4: [15ad:07a0] type 01 class 0x060400
May 26 21:58:49 ubuntu kernel: [    0.258734] pci 0000:00:18.4: PME# supported from D0 D3hot D3cold
May 26 21:58:49 ubuntu kernel: [    0.258866] pci 0000:00:18.4: System wakeup disabled by ACPI
May 26 21:58:49 ubuntu kernel: [    0.259282] pci 0000:00:18.5: [15ad:07a0] type 01 class 0x060400
May 26 21:58:49 ubuntu kernel: [    0.259788] pci 0000:00:18.5: PME# supported from D0 D3hot D3cold
May 26 21:58:49 ubuntu kernel: [    0.259908] pci 0000:00:18.5: System wakeup disabled by ACPI
May 26 21:58:49 ubuntu kernel: [    0.259996] pci 0000:00:18.6: [15ad:07a0] type 01 class 0x060400
May 26 21:58:49 ubuntu kernel: [    0.260510] pci 0000:00:18.6: PME# supported from D0 D3hot D3cold
May 26 21:58:49 ubuntu kernel: [    0.260804] pci 0000:00:18.6: System wakeup disabled by ACPI
May 26 21:58:49 ubuntu kernel: [    0.260915] pci 0000:00:18.7: [15ad:07a0] type 01 class 0x060400
May 26 21:58:49 ubuntu kernel: [    0.261606] pci 0000:00:18.7: PME# supported from D0 D3hot D3cold
May 26 21:58:49 ubuntu kernel: [    0.261734] pci 0000:00:18.7: System wakeup disabled by ACPI
May 26 21:58:49 ubuntu kernel: [    0.262286] pci 0000:00:01.0: PCI bridge to [bus 01]
May 26 21:58:49 ubuntu kernel: [    0.262724] acpiphp: Slot [32] registered
May 26 21:58:49 ubuntu kernel: [    0.262755] acpiphp: Slot [33] registered
May 26 21:58:49 ubuntu kernel: [    0.262769] acpiphp: Slot [34] registered
May 26 21:58:49 ubuntu kernel: [    0.262815] acpiphp: Slot [35] registered
May 26 21:58:49 ubuntu kernel: [    0.262844] acpiphp: Slot [36] registered
May 26 21:58:49 ubuntu kernel: [    0.262885] acpiphp: Slot [37] registered
May 26 21:58:49 ubuntu kernel: [    0.262919] acpiphp: Slot [38] registered
May 26 21:58:49 ubuntu kernel: [    0.262947] acpiphp: Slot [39] registered
May 26 21:58:49 ubuntu kernel: [    0.262961] acpiphp: Slot [40] registered
May 26 21:58:49 ubuntu kernel: [    0.262974] acpiphp: Slot [41] registered
May 26 21:58:49 ubuntu kernel: [    0.263001] acpiphp: Slot [42] registered
May 26 21:58:49 ubuntu kernel: [    0.263015] acpiphp: Slot [43] registered
May 26 21:58:49 ubuntu kernel: [    0.263029] acpiphp: Slot [44] registered
May 26 21:58:49 ubuntu kernel: [    0.263042] acpiphp: Slot [45] registered
May 26 21:58:49 ubuntu kernel: [    0.263063] acpiphp: Slot [46] registered
May 26 21:58:49 ubuntu kernel: [    0.263077] acpiphp: Slot [47] registered
May 26 21:58:49 ubuntu kernel: [    0.263351] acpiphp: Slot [48] registered
May 26 21:58:49 ubuntu kernel: [    0.263380] acpiphp: Slot [49] registered
May 26 21:58:49 ubuntu kernel: [    0.263393] acpiphp: Slot [50] registered
May 26 21:58:49 ubuntu kernel: [    0.263407] acpiphp: Slot [51] registered
May 26 21:58:49 ubuntu kernel: [    0.263420] acpiphp: Slot [52] registered
May 26 21:58:49 ubuntu kernel: [    0.263433] acpiphp: Slot [53] registered
May 26 21:58:49 ubuntu kernel: [    0.263474] acpiphp: Slot [54] registered
May 26 21:58:49 ubuntu kernel: [    0.263500] acpiphp: Slot [55] registered
May 26 21:58:49 ubuntu kernel: [    0.263514] acpiphp: Slot [56] registered
May 26 21:58:49 ubuntu kernel: [    0.263541] acpiphp: Slot [57] registered
May 26 21:58:49 ubuntu kernel: [    0.263563] acpiphp: Slot [58] registered
May 26 21:58:49 ubuntu kernel: [    0.263581] acpiphp: Slot [59] registered
May 26 21:58:49 ubuntu kernel: [    0.263596] acpiphp: Slot [60] registered
May 26 21:58:49 ubuntu kernel: [    0.263610] acpiphp: Slot [61] registered
May 26 21:58:49 ubuntu kernel: [    0.263693] acpiphp: Slot [62] registered
May 26 21:58:49 ubuntu kernel: [    0.263710] acpiphp: Slot [63] registered
May 26 21:58:49 ubuntu kernel: [    0.263830] pci 0000:02:01.0: [8086:100f] type 00 class 0x020000
May 26 21:58:49 ubuntu kernel: [    0.264604] pci 0000:02:01.0: reg 0x10: [mem 0xfd5c0000-0xfd5dffff 64bit]
May 26 21:58:49 ubuntu kernel: [    0.265319] pci 0000:02:01.0: reg 0x18: [mem 0xfdff0000-0xfdffffff 64bit]
May 26 21:58:49 ubuntu kernel: [    0.265829] pci 0000:02:01.0: reg 0x20: [io  0x2000-0x203f]
May 26 21:58:49 ubuntu kernel: [    0.266895] pci 0000:02:01.0: reg 0x30: [mem 0x00000000-0x0000ffff pref]
May 26 21:58:49 ubuntu kernel: [    0.267268] pci 0000:02:01.0: System wakeup disabled by ACPI
May 26 21:58:49 ubuntu kernel: [    0.267417] pci 0000:02:05.0: [15ad:07e0] type 00 class 0x010601
May 26 21:58:49 ubuntu kernel: [    0.269155] pci 0000:02:05.0: reg 0x24: [mem 0xfd5ef000-0xfd5effff]
May 26 21:58:49 ubuntu kernel: [    0.269391] pci 0000:02:05.0: reg 0x30: [mem 0x00000000-0x0000ffff pref]
May 26 21:58:49 ubuntu kernel: [    0.269586] pci 0000:02:05.0: PME# supported from D3hot
May 26 21:58:49 ubuntu kernel: [    0.269804] pci 0000:02:05.0: System wakeup disabled by ACPI
May 26 21:58:49 ubuntu kernel: [    0.270268] pci 0000:00:11.0: PCI bridge to [bus 02] (subtractive decode)
May 26 21:58:49 ubuntu kernel: [    0.270284] pci 0000:00:11.0:   bridge window [io  0x2000-0x3fff]
May 26 21:58:49 ubuntu kernel: [    0.270298] pci 0000:00:11.0:   bridge window [mem 0xfd500000-0xfdffffff]
May 26 21:58:49 ubuntu kernel: [    0.270325] pci 0000:00:11.0:   bridge window [mem 0xe7b00000-0xe7ffffff 64bit pref]
May 26 21:58:49 ubuntu kernel: [    0.270327] pci 0000:00:11.0:   bridge window [mem 0x000a0000-0x000bffff window] (subtractive decode)
May 26 21:58:49 ubuntu kernel: [    0.270328] pci 0000:00:11.0:   bridge window [mem 0x000d0000-0x000d3fff window] (subtractive decode)
May 26 21:58:49 ubuntu kernel: [    0.270329] pci 0000:00:11.0:   bridge window [mem 0x000d4000-0x000d7fff window] (subtractive decode)
May 26 21:58:49 ubuntu kernel: [    0.270330] pci 0000:00:11.0:   bridge window [mem 0x000d8000-0x000dbfff window] (subtractive decode)
May 26 21:58:49 ubuntu kernel: [    0.270330] pci 0000:00:11.0:   bridge window [mem 0xc0000000-0xfebfffff window] (subtractive decode)
May 26 21:58:49 ubuntu kernel: [    0.270331] pci 0000:00:11.0:   bridge window [io  0x0000-0x0cf7 window] (subtractive decode)
May 26 21:58:49 ubuntu kernel: [    0.270332] pci 0000:00:11.0:   bridge window [io  0x0d00-0xfeff window] (subtractive decode)
May 26 21:58:49 ubuntu kernel: [    0.270571] pci 0000:00:15.0: PCI bridge to [bus 03]
May 26 21:58:49 ubuntu kernel: [    0.270585] pci 0000:00:15.0:   bridge window [io  0x4000-0x4fff]
May 26 21:58:49 ubuntu kernel: [    0.270600] pci 0000:00:15.0:   bridge window [mem 0xfd400000-0xfd4fffff]
May 26 21:58:49 ubuntu kernel: [    0.270655] pci 0000:00:15.0:   bridge window [mem 0xe7a00000-0xe7afffff 64bit pref]
May 26 21:58:49 ubuntu kernel: [    0.270956] pci 0000:00:15.1: PCI bridge to [bus 04]
May 26 21:58:49 ubuntu kernel: [    0.270971] pci 0000:00:15.1:   bridge window [io  0x8000-0x8fff]
May 26 21:58:49 ubuntu kernel: [    0.270985] pci 0000:00:15.1:   bridge window [mem 0xfd000000-0xfd0fffff]
May 26 21:58:49 ubuntu kernel: [    0.271011] pci 0000:00:15.1:   bridge window [mem 0xe7600000-0xe76fffff 64bit pref]
May 26 21:58:49 ubuntu kernel: [    0.271266] pci 0000:00:15.2: PCI bridge to [bus 05]
May 26 21:58:49 ubuntu kernel: [    0.271280] pci 0000:00:15.2:   bridge window [io  0xc000-0xcfff]
May 26 21:58:49 ubuntu kernel: [    0.271294] pci 0000:00:15.2:   bridge window [mem 0xfcc00000-0xfccfffff]
May 26 21:58:49 ubuntu kernel: [    0.271321] pci 0000:00:15.2:   bridge window [mem 0xe7200000-0xe72fffff 64bit pref]
May 26 21:58:49 ubuntu kernel: [    0.271525] pci 0000:00:15.3: PCI bridge to [bus 06]
May 26 21:58:49 ubuntu kernel: [    0.271552] pci 0000:00:15.3:   bridge window [mem 0xfc800000-0xfc8fffff]
May 26 21:58:49 ubuntu kernel: [    0.271578] pci 0000:00:15.3:   bridge window [mem 0xe6e00000-0xe6efffff 64bit pref]
May 26 21:58:49 ubuntu kernel: [    0.271941] pci 0000:00:15.4: PCI bridge to [bus 07]
May 26 21:58:49 ubuntu kernel: [    0.271967] pci 0000:00:15.4:   bridge window [mem 0xfc400000-0xfc4fffff]
May 26 21:58:49 ubuntu kernel: [    0.271994] pci 0000:00:15.4:   bridge window [mem 0xe6a00000-0xe6afffff 64bit pref]
May 26 21:58:49 ubuntu kernel: [    0.272230] pci 0000:00:15.5: PCI bridge to [bus 08]
May 26 21:58:49 ubuntu kernel: [    0.272257] pci 0000:00:15.5:   bridge window [mem 0xfc000000-0xfc0fffff]
May 26 21:58:49 ubuntu kernel: [    0.272284] pci 0000:00:15.5:   bridge window [mem 0xe6600000-0xe66fffff 64bit pref]
May 26 21:58:49 ubuntu kernel: [    0.272488] pci 0000:00:15.6: PCI bridge to [bus 09]
May 26 21:58:49 ubuntu kernel: [    0.272515] pci 0000:00:15.6:   bridge window [mem 0xfbc00000-0xfbcfffff]
May 26 21:58:49 ubuntu kernel: [    0.272542] pci 0000:00:15.6:   bridge window [mem 0xe6200000-0xe62fffff 64bit pref]
May 26 21:58:49 ubuntu kernel: [    0.272827] pci 0000:00:15.7: PCI bridge to [bus 0a]
May 26 21:58:49 ubuntu kernel: [    0.272855] pci 0000:00:15.7:   bridge window [mem 0xfb800000-0xfb8fffff]
May 26 21:58:49 ubuntu kernel: [    0.272882] pci 0000:00:15.7:   bridge window [mem 0xe5e00000-0xe5efffff 64bit pref]
May 26 21:58:49 ubuntu kernel: [    0.273170] pci 0000:00:16.0: PCI bridge to [bus 0b]
May 26 21:58:49 ubuntu kernel: [    0.273200] pci 0000:00:16.0:   bridge window [io  0x5000-0x5fff]
May 26 21:58:49 ubuntu kernel: [    0.273214] pci 0000:00:16.0:   bridge window [mem 0xfd300000-0xfd3fffff]
May 26 21:58:49 ubuntu kernel: [    0.273242] pci 0000:00:16.0:   bridge window [mem 0xe7900000-0xe79fffff 64bit pref]
May 26 21:58:49 ubuntu kernel: [    0.273545] pci 0000:00:16.1: PCI bridge to [bus 0c]
May 26 21:58:49 ubuntu kernel: [    0.273559] pci 0000:00:16.1:   bridge window [io  0x9000-0x9fff]
May 26 21:58:49 ubuntu kernel: [    0.273573] pci 0000:00:16.1:   bridge window [mem 0xfcf00000-0xfcffffff]
May 26 21:58:49 ubuntu kernel: [    0.273633] pci 0000:00:16.1:   bridge window [mem 0xe7500000-0xe75fffff 64bit pref]
May 26 21:58:49 ubuntu kernel: [    0.273900] pci 0000:00:16.2: PCI bridge to [bus 0d]
May 26 21:58:49 ubuntu kernel: [    0.273914] pci 0000:00:16.2:   bridge window [io  0xd000-0xdfff]
May 26 21:58:49 ubuntu kernel: [    0.273928] pci 0000:00:16.2:   bridge window [mem 0xfcb00000-0xfcbfffff]
May 26 21:58:49 ubuntu kernel: [    0.273954] pci 0000:00:16.2:   bridge window [mem 0xe7100000-0xe71fffff 64bit pref]
May 26 21:58:49 ubuntu kernel: [    0.274226] pci 0000:00:16.3: PCI bridge to [bus 0e]
May 26 21:58:49 ubuntu kernel: [    0.274278] pci 0000:00:16.3:   bridge window [mem 0xfc700000-0xfc7fffff]
May 26 21:58:49 ubuntu kernel: [    0.274305] pci 0000:00:16.3:   bridge window [mem 0xe6d00000-0xe6dfffff 64bit pref]
May 26 21:58:49 ubuntu kernel: [    0.274530] pci 0000:00:16.4: PCI bridge to [bus 0f]
May 26 21:58:49 ubuntu kernel: [    0.274557] pci 0000:00:16.4:   bridge window [mem 0xfc300000-0xfc3fffff]
May 26 21:58:49 ubuntu kernel: [    0.274584] pci 0000:00:16.4:   bridge window [mem 0xe6900000-0xe69fffff 64bit pref]
May 26 21:58:49 ubuntu kernel: [    0.275005] pci 0000:00:16.5: PCI bridge to [bus 10]
May 26 21:58:49 ubuntu kernel: [    0.275032] pci 0000:00:16.5:   bridge window [mem 0xfbf00000-0xfbffffff]
May 26 21:58:49 ubuntu kernel: [    0.275059] pci 0000:00:16.5:   bridge window [mem 0xe6500000-0xe65fffff 64bit pref]
May 26 21:58:49 ubuntu kernel: [    0.275321] pci 0000:00:16.6: PCI bridge to [bus 11]
May 26 21:58:49 ubuntu kernel: [    0.275348] pci 0000:00:16.6:   bridge window [mem 0xfbb00000-0xfbbfffff]
May 26 21:58:49 ubuntu kernel: [    0.275375] pci 0000:00:16.6:   bridge window [mem 0xe6100000-0xe61fffff 64bit pref]
May 26 21:58:49 ubuntu kernel: [    0.275578] pci 0000:00:16.7: PCI bridge to [bus 12]
May 26 21:58:49 ubuntu kernel: [    0.275656] pci 0000:00:16.7:   bridge window [mem 0xfb700000-0xfb7fffff]
May 26 21:58:49 ubuntu kernel: [    0.275698] pci 0000:00:16.7:   bridge window [mem 0xe5d00000-0xe5dfffff 64bit pref]
May 26 21:58:49 ubuntu kernel: [    0.275982] pci 0000:00:17.0: PCI bridge to [bus 13]
May 26 21:58:49 ubuntu kernel: [    0.275996] pci 0000:00:17.0:   bridge window [io  0x6000-0x6fff]
May 26 21:58:49 ubuntu kernel: [    0.276010] pci 0000:00:17.0:   bridge window [mem 0xfd200000-0xfd2fffff]
May 26 21:58:49 ubuntu kernel: [    0.276037] pci 0000:00:17.0:   bridge window [mem 0xe7800000-0xe78fffff 64bit pref]
May 26 21:58:49 ubuntu kernel: [    0.276302] pci 0000:00:17.1: PCI bridge to [bus 14]
May 26 21:58:49 ubuntu kernel: [    0.276316] pci 0000:00:17.1:   bridge window [io  0xa000-0xafff]
May 26 21:58:49 ubuntu kernel: [    0.276330] pci 0000:00:17.1:   bridge window [mem 0xfce00000-0xfcefffff]
May 26 21:58:49 ubuntu kernel: [    0.276357] pci 0000:00:17.1:   bridge window [mem 0xe7400000-0xe74fffff 64bit pref]
May 26 21:58:49 ubuntu kernel: [    0.276673] pci 0000:00:17.2: PCI bridge to [bus 15]
May 26 21:58:49 ubuntu kernel: [    0.276693] pci 0000:00:17.2:   bridge window [io  0xe000-0xefff]
May 26 21:58:49 ubuntu kernel: [    0.276713] pci 0000:00:17.2:   bridge window [mem 0xfca00000-0xfcafffff]
May 26 21:58:49 ubuntu kernel: [    0.276742] pci 0000:00:17.2:   bridge window [mem 0xe7000000-0xe70fffff 64bit pref]
May 26 21:58:49 ubuntu kernel: [    0.277058] pci 0000:00:17.3: PCI bridge to [bus 16]
May 26 21:58:49 ubuntu kernel: [    0.277085] pci 0000:00:17.3:   bridge window [mem 0xfc600000-0xfc6fffff]
May 26 21:58:49 ubuntu kernel: [    0.277156] pci 0000:00:17.3:   bridge window [mem 0xe6c00000-0xe6cfffff 64bit pref]
May 26 21:58:49 ubuntu kernel: [    0.277474] pci 0000:00:17.4: PCI bridge to [bus 17]
May 26 21:58:49 ubuntu kernel: [    0.277501] pci 0000:00:17.4:   bridge window [mem 0xfc200000-0xfc2fffff]
May 26 21:58:49 ubuntu kernel: [    0.277528] pci 0000:00:17.4:   bridge window [mem 0xe6800000-0xe68fffff 64bit pref]
May 26 21:58:49 ubuntu kernel: [    0.277793] pci 0000:00:17.5: PCI bridge to [bus 18]
May 26 21:58:49 ubuntu kernel: [    0.277820] pci 0000:00:17.5:   bridge window [mem 0xfbe00000-0xfbefffff]
May 26 21:58:49 ubuntu kernel: [    0.277847] pci 0000:00:17.5:   bridge window [mem 0xe6400000-0xe64fffff 64bit pref]
May 26 21:58:49 ubuntu kernel: [    0.278171] pci 0000:00:17.6: PCI bridge to [bus 19]
May 26 21:58:49 ubuntu kernel: [    0.278200] pci 0000:00:17.6:   bridge window [mem 0xfba00000-0xfbafffff]
May 26 21:58:49 ubuntu kernel: [    0.278227] pci 0000:00:17.6:   bridge window [mem 0xe6000000-0xe60fffff 64bit pref]
May 26 21:58:49 ubuntu kernel: [    0.278577] pci 0000:00:17.7: PCI bridge to [bus 1a]
May 26 21:58:49 ubuntu kernel: [    0.278622] pci 0000:00:17.7:   bridge window [mem 0xfb600000-0xfb6fffff]
May 26 21:58:49 ubuntu kernel: [    0.278674] pci 0000:00:17.7:   bridge window [mem 0xe5c00000-0xe5cfffff 64bit pref]
May 26 21:58:49 ubuntu kernel: [    0.278904] pci 0000:00:18.0: PCI bridge to [bus 1b]
May 26 21:58:49 ubuntu kernel: [    0.278917] pci 0000:00:18.0:   bridge window [io  0x7000-0x7fff]
May 26 21:58:49 ubuntu kernel: [    0.278932] pci 0000:00:18.0:   bridge window [mem 0xfd100000-0xfd1fffff]
May 26 21:58:49 ubuntu kernel: [    0.278959] pci 0000:00:18.0:   bridge window [mem 0xe7700000-0xe77fffff 64bit pref]
May 26 21:58:49 ubuntu kernel: [    0.279314] pci 0000:00:18.1: PCI bridge to [bus 1c]
May 26 21:58:49 ubuntu kernel: [    0.279333] pci 0000:00:18.1:   bridge window [io  0xb000-0xbfff]
May 26 21:58:49 ubuntu kernel: [    0.279352] pci 0000:00:18.1:   bridge window [mem 0xfcd00000-0xfcdfffff]
May 26 21:58:49 ubuntu kernel: [    0.279387] pci 0000:00:18.1:   bridge window [mem 0xe7300000-0xe73fffff 64bit pref]
May 26 21:58:49 ubuntu kernel: [    0.279999] pci 0000:00:18.2: PCI bridge to [bus 1d]
May 26 21:58:49 ubuntu kernel: [    0.280028] pci 0000:00:18.2:   bridge window [mem 0xfc900000-0xfc9fffff]
May 26 21:58:49 ubuntu kernel: [    0.280056] pci 0000:00:18.2:   bridge window [mem 0xe6f00000-0xe6ffffff 64bit pref]
May 26 21:58:49 ubuntu kernel: [    0.280497] pci 0000:00:18.3: PCI bridge to [bus 1e]
May 26 21:58:49 ubuntu kernel: [    0.280539] pci 0000:00:18.3:   bridge window [mem 0xfc500000-0xfc5fffff]
May 26 21:58:49 ubuntu kernel: [    0.280567] pci 0000:00:18.3:   bridge window [mem 0xe6b00000-0xe6bfffff 64bit pref]
May 26 21:58:49 ubuntu kernel: [    0.281144] pci 0000:00:18.4: PCI bridge to [bus 1f]
May 26 21:58:49 ubuntu kernel: [    0.281194] pci 0000:00:18.4:   bridge window [mem 0xfc100000-0xfc1fffff]
May 26 21:58:49 ubuntu kernel: [    0.281241] pci 0000:00:18.4:   bridge window [mem 0xe6700000-0xe67fffff 64bit pref]
May 26 21:58:49 ubuntu kernel: [    0.281472] pci 0000:00:18.5: PCI bridge to [bus 20]
May 26 21:58:49 ubuntu kernel: [    0.281499] pci 0000:00:18.5:   bridge window [mem 0xfbd00000-0xfbdfffff]
May 26 21:58:49 ubuntu kernel: [    0.281527] pci 0000:00:18.5:   bridge window [mem 0xe6300000-0xe63fffff 64bit pref]
May 26 21:58:49 ubuntu kernel: [    0.281791] pci 0000:00:18.6: PCI bridge to [bus 21]
May 26 21:58:49 ubuntu kernel: [    0.281818] pci 0000:00:18.6:   bridge window [mem 0xfb900000-0xfb9fffff]
May 26 21:58:49 ubuntu kernel: [    0.281845] pci 0000:00:18.6:   bridge window [mem 0xe5f00000-0xe5ffffff 64bit pref]
May 26 21:58:49 ubuntu kernel: [    0.282133] pci 0000:00:18.7: PCI bridge to [bus 22]
May 26 21:58:49 ubuntu kernel: [    0.282189] pci 0000:00:18.7:   bridge window [mem 0xfb500000-0xfb5fffff]
May 26 21:58:49 ubuntu kernel: [    0.282225] pci 0000:00:18.7:   bridge window [mem 0xe5b00000-0xe5bfffff 64bit pref]
May 26 21:58:49 ubuntu kernel: [    0.283817] ACPI: PCI Interrupt Link [LNKA] (IRQs 3 4 5 6 7 *9 10 11 14 15)
May 26 21:58:49 ubuntu kernel: [    0.283870] ACPI: PCI Interrupt Link [LNKB] (IRQs 3 4 5 6 7 9 10 *11 14 15)
May 26 21:58:49 ubuntu kernel: [    0.283919] ACPI: PCI Interrupt Link [LNKC] (IRQs 3 4 5 6 7 9 10 11 14 15) *0, disabled.
May 26 21:58:49 ubuntu kernel: [    0.283967] ACPI: PCI Interrupt Link [LNKD] (IRQs 3 4 5 6 *7 9 10 11 14 15)
May 26 21:58:49 ubuntu kernel: [    0.293689] ACPI: Enabled 2 GPEs in block 00 to 0F
May 26 21:58:49 ubuntu kernel: [    0.293999] vgaarb: setting as boot device: PCI:0000:00:0f.0
May 26 21:58:49 ubuntu kernel: [    0.294002] vgaarb: device added: PCI:0000:00:0f.0,decodes=io+mem,owns=io+mem,locks=none
May 26 21:58:49 ubuntu kernel: [    0.294010] vgaarb: loaded
May 26 21:58:49 ubuntu kernel: [    0.294011] vgaarb: bridge control possible 0000:00:0f.0
May 26 21:58:49 ubuntu kernel: [    0.294747] SCSI subsystem initialized
May 26 21:58:49 ubuntu kernel: [    0.294817] libata version 3.00 loaded.
May 26 21:58:49 ubuntu kernel: [    0.294835] ACPI: bus type USB registered
May 26 21:58:49 ubuntu kernel: [    0.294847] usbcore: registered new interface driver usbfs
May 26 21:58:49 ubuntu kernel: [    0.294852] usbcore: registered new interface driver hub
May 26 21:58:49 ubuntu kernel: [    0.294868] usbcore: registered new device driver usb
May 26 21:58:49 ubuntu kernel: [    0.295245] PCI: Using ACPI for IRQ routing
May 26 21:58:49 ubuntu kernel: [    0.316414] PCI: pci_cache_line_size set to 64 bytes
May 26 21:58:49 ubuntu kernel: [    0.317023] e820: reserve RAM buffer [mem 0x0009e800-0x0009ffff]
May 26 21:58:49 ubuntu kernel: [    0.317025] e820: reserve RAM buffer [mem 0x7fee0000-0x7fffffff]
May 26 21:58:49 ubuntu kernel: [    0.317593] NetLabel: Initializing
May 26 21:58:49 ubuntu kernel: [    0.317595] NetLabel:  domain hash size = 128
May 26 21:58:49 ubuntu kernel: [    0.317595] NetLabel:  protocols = UNLABELED CIPSOv4
May 26 21:58:49 ubuntu kernel: [    0.317600] NetLabel:  unlabeled traffic allowed by default
May 26 21:58:49 ubuntu kernel: [    0.317708] hpet0: at MMIO 0xfed00000, IRQs 2, 8, 0, 0, 0, 0, 0, 0, 0, 0, 0, 0, 0, 0, 0, 0
May 26 21:58:49 ubuntu kernel: [    0.317711] hpet0: 16 comparators, 64-bit 14.318180 MHz counter
May 26 21:58:49 ubuntu kernel: [    0.319801] amd_nb: Cannot enumerate AMD northbridges
May 26 21:58:49 ubuntu kernel: [    0.319853] clocksource: Switched to clocksource hpet
May 26 21:58:49 ubuntu kernel: [    0.360645] AppArmor: AppArmor Filesystem Enabled
May 26 21:58:49 ubuntu kernel: [    0.360740] pnp: PnP ACPI init
May 26 21:58:49 ubuntu kernel: [    0.360941] system 00:00: [io  0x1000-0x103f] could not be reserved
May 26 21:58:49 ubuntu kernel: [    0.360943] system 00:00: [io  0x1040-0x104f] has been reserved
May 26 21:58:49 ubuntu kernel: [    0.360945] system 00:00: [io  0x0cf0-0x0cf1] has been reserved
May 26 21:58:49 ubuntu kernel: [    0.360948] system 00:00: Plug and Play ACPI device, IDs PNP0c02 (active)
May 26 21:58:49 ubuntu kernel: [    0.361044] pnp 00:01: Plug and Play ACPI device, IDs PNP0b00 (active)
May 26 21:58:49 ubuntu kernel: [    0.361071] pnp 00:02: Plug and Play ACPI device, IDs PNP0303 (active)
May 26 21:58:49 ubuntu kernel: [    0.361083] pnp 00:03: Plug and Play ACPI device, IDs VMW0003 PNP0f13 (active)
May 26 21:58:49 ubuntu kernel: [    0.361251] system 00:04: [mem 0xfed00000-0xfed003ff] has been reserved
May 26 21:58:49 ubuntu kernel: [    0.361252] system 00:04: Plug and Play ACPI device, IDs PNP0103 PNP0c01 (active)
May 26 21:58:49 ubuntu kernel: [    0.362588] system 00:05: [io  0xfce0-0xfcff] has been reserved
May 26 21:58:49 ubuntu kernel: [    0.362590] system 00:05: [mem 0xf0000000-0xf7ffffff] has been reserved
May 26 21:58:49 ubuntu kernel: [    0.362591] system 00:05: [mem 0xfe800000-0xfe9fffff] has been reserved
May 26 21:58:49 ubuntu kernel: [    0.362593] system 00:05: Plug and Play ACPI device, IDs PNP0c02 (active)
May 26 21:58:49 ubuntu kernel: [    0.366511] pnp: PnP ACPI: found 6 devices
May 26 21:58:49 ubuntu kernel: [    0.373658] clocksource: acpi_pm: mask: 0xffffff max_cycles: 0xffffff, max_idle_ns: 2085701024 ns
May 26 21:58:49 ubuntu kernel: [    0.373921] pci 0000:00:15.3: bridge window [io  0x1000-0x0fff] to [bus 06] add_size 1000
May 26 21:58:49 ubuntu kernel: [    0.373976] pci 0000:00:15.4: bridge window [io  0x1000-0x0fff] to [bus 07] add_size 1000
May 26 21:58:49 ubuntu kernel: [    0.374015] pci 0000:00:15.5: bridge window [io  0x1000-0x0fff] to [bus 08] add_size 1000
May 26 21:58:49 ubuntu kernel: [    0.374055] pci 0000:00:15.6: bridge window [io  0x1000-0x0fff] to [bus 09] add_size 1000
May 26 21:58:49 ubuntu kernel: [    0.374094] pci 0000:00:15.7: bridge window [io  0x1000-0x0fff] to [bus 0a] add_size 1000
May 26 21:58:49 ubuntu kernel: [    0.374248] pci 0000:00:16.3: bridge window [io  0x1000-0x0fff] to [bus 0e] add_size 1000
May 26 21:58:49 ubuntu kernel: [    0.374287] pci 0000:00:16.4: bridge window [io  0x1000-0x0fff] to [bus 0f] add_size 1000
May 26 21:58:49 ubuntu kernel: [    0.374326] pci 0000:00:16.5: bridge window [io  0x1000-0x0fff] to [bus 10] add_size 1000
May 26 21:58:49 ubuntu kernel: [    0.374366] pci 0000:00:16.6: bridge window [io  0x1000-0x0fff] to [bus 11] add_size 1000
May 26 21:58:49 ubuntu kernel: [    0.374419] pci 0000:00:16.7: bridge window [io  0x1000-0x0fff] to [bus 12] add_size 1000
May 26 21:58:49 ubuntu kernel: [    0.374585] pci 0000:00:17.3: bridge window [io  0x1000-0x0fff] to [bus 16] add_size 1000
May 26 21:58:49 ubuntu kernel: [    0.374625] pci 0000:00:17.4: bridge window [io  0x1000-0x0fff] to [bus 17] add_size 1000
May 26 21:58:49 ubuntu kernel: [    0.374664] pci 0000:00:17.5: bridge window [io  0x1000-0x0fff] to [bus 18] add_size 1000
May 26 21:58:49 ubuntu kernel: [    0.374703] pci 0000:00:17.6: bridge window [io  0x1000-0x0fff] to [bus 19] add_size 1000
May 26 21:58:49 ubuntu kernel: [    0.374743] pci 0000:00:17.7: bridge window [io  0x1000-0x0fff] to [bus 1a] add_size 1000
May 26 21:58:49 ubuntu kernel: [    0.374858] pci 0000:00:18.2: bridge window [io  0x1000-0x0fff] to [bus 1d] add_size 1000
May 26 21:58:49 ubuntu kernel: [    0.374898] pci 0000:00:18.3: bridge window [io  0x1000-0x0fff] to [bus 1e] add_size 1000
May 26 21:58:49 ubuntu kernel: [    0.374973] pci 0000:00:18.4: bridge window [io  0x1000-0x0fff] to [bus 1f] add_size 1000
May 26 21:58:49 ubuntu kernel: [    0.375013] pci 0000:00:18.5: bridge window [io  0x1000-0x0fff] to [bus 20] add_size 1000
May 26 21:58:49 ubuntu kernel: [    0.375065] pci 0000:00:18.6: bridge window [io  0x1000-0x0fff] to [bus 21] add_size 1000
May 26 21:58:49 ubuntu kernel: [    0.375104] pci 0000:00:18.7: bridge window [io  0x1000-0x0fff] to [bus 22] add_size 1000
May 26 21:58:49 ubuntu kernel: [    0.375305] pci 0000:00:15.3: res[13]=[io  0x1000-0x0fff] res_to_dev_res add_size 1000 min_align 1000
May 26 21:58:49 ubuntu kernel: [    0.375306] pci 0000:00:15.3: res[13]=[io  0x1000-0x1fff] res_to_dev_res add_size 1000 min_align 1000
May 26 21:58:49 ubuntu kernel: [    0.375307] pci 0000:00:15.4: res[13]=[io  0x1000-0x0fff] res_to_dev_res add_size 1000 min_align 1000
May 26 21:58:49 ubuntu kernel: [    0.375308] pci 0000:00:15.4: res[13]=[io  0x1000-0x1fff] res_to_dev_res add_size 1000 min_align 1000
May 26 21:58:49 ubuntu kernel: [    0.375309] pci 0000:00:15.5: res[13]=[io  0x1000-0x0fff] res_to_dev_res add_size 1000 min_align 1000
May 26 21:58:49 ubuntu kernel: [    0.375309] pci 0000:00:15.5: res[13]=[io  0x1000-0x1fff] res_to_dev_res add_size 1000 min_align 1000
May 26 21:58:49 ubuntu kernel: [    0.375310] pci 0000:00:15.6: res[13]=[io  0x1000-0x0fff] res_to_dev_res add_size 1000 min_align 1000
May 26 21:58:49 ubuntu kernel: [    0.375311] pci 0000:00:15.6: res[13]=[io  0x1000-0x1fff] res_to_dev_res add_size 1000 min_align 1000
May 26 21:58:49 ubuntu kernel: [    0.375312] pci 0000:00:15.7: res[13]=[io  0x1000-0x0fff] res_to_dev_res add_size 1000 min_align 1000
May 26 21:58:49 ubuntu kernel: [    0.375313] pci 0000:00:15.7: res[13]=[io  0x1000-0x1fff] res_to_dev_res add_size 1000 min_align 1000
May 26 21:58:49 ubuntu kernel: [    0.375313] pci 0000:00:16.3: res[13]=[io  0x1000-0x0fff] res_to_dev_res add_size 1000 min_align 1000
May 26 21:58:49 ubuntu kernel: [    0.375314] pci 0000:00:16.3: res[13]=[io  0x1000-0x1fff] res_to_dev_res add_size 1000 min_align 1000
May 26 21:58:49 ubuntu kernel: [    0.375315] pci 0000:00:16.4: res[13]=[io  0x1000-0x0fff] res_to_dev_res add_size 1000 min_align 1000
May 26 21:58:49 ubuntu kernel: [    0.375316] pci 0000:00:16.4: res[13]=[io  0x1000-0x1fff] res_to_dev_res add_size 1000 min_align 1000
May 26 21:58:49 ubuntu kernel: [    0.375316] pci 0000:00:16.5: res[13]=[io  0x1000-0x0fff] res_to_dev_res add_size 1000 min_align 1000
May 26 21:58:49 ubuntu kernel: [    0.375317] pci 0000:00:16.5: res[13]=[io  0x1000-0x1fff] res_to_dev_res add_size 1000 min_align 1000
May 26 21:58:49 ubuntu kernel: [    0.375318] pci 0000:00:16.6: res[13]=[io  0x1000-0x0fff] res_to_dev_res add_size 1000 min_align 1000
May 26 21:58:49 ubuntu kernel: [    0.375319] pci 0000:00:16.6: res[13]=[io  0x1000-0x1fff] res_to_dev_res add_size 1000 min_align 1000
May 26 21:58:49 ubuntu kernel: [    0.375320] pci 0000:00:16.7: res[13]=[io  0x1000-0x0fff] res_to_dev_res add_size 1000 min_align 1000
May 26 21:58:49 ubuntu kernel: [    0.375320] pci 0000:00:16.7: res[13]=[io  0x1000-0x1fff] res_to_dev_res add_size 1000 min_align 1000
May 26 21:58:49 ubuntu kernel: [    0.375321] pci 0000:00:17.3: res[13]=[io  0x1000-0x0fff] res_to_dev_res add_size 1000 min_align 1000
May 26 21:58:49 ubuntu kernel: [    0.375322] pci 0000:00:17.3: res[13]=[io  0x1000-0x1fff] res_to_dev_res add_size 1000 min_align 1000
May 26 21:58:49 ubuntu kernel: [    0.375323] pci 0000:00:17.4: res[13]=[io  0x1000-0x0fff] res_to_dev_res add_size 1000 min_align 1000
May 26 21:58:49 ubuntu kernel: [    0.375323] pci 0000:00:17.4: res[13]=[io  0x1000-0x1fff] res_to_dev_res add_size 1000 min_align 1000
May 26 21:58:49 ubuntu kernel: [    0.375324] pci 0000:00:17.5: res[13]=[io  0x1000-0x0fff] res_to_dev_res add_size 1000 min_align 1000
May 26 21:58:49 ubuntu kernel: [    0.375325] pci 0000:00:17.5: res[13]=[io  0x1000-0x1fff] res_to_dev_res add_size 1000 min_align 1000
May 26 21:58:49 ubuntu kernel: [    0.375326] pci 0000:00:17.6: res[13]=[io  0x1000-0x0fff] res_to_dev_res add_size 1000 min_align 1000
May 26 21:58:49 ubuntu kernel: [    0.375326] pci 0000:00:17.6: res[13]=[io  0x1000-0x1fff] res_to_dev_res add_size 1000 min_align 1000
May 26 21:58:49 ubuntu kernel: [    0.375327] pci 0000:00:17.7: res[13]=[io  0x1000-0x0fff] res_to_dev_res add_size 1000 min_align 1000
May 26 21:58:49 ubuntu kernel: [    0.375328] pci 0000:00:17.7: res[13]=[io  0x1000-0x1fff] res_to_dev_res add_size 1000 min_align 1000
May 26 21:58:49 ubuntu kernel: [    0.375329] pci 0000:00:18.2: res[13]=[io  0x1000-0x0fff] res_to_dev_res add_size 1000 min_align 1000
May 26 21:58:49 ubuntu kernel: [    0.375330] pci 0000:00:18.2: res[13]=[io  0x1000-0x1fff] res_to_dev_res add_size 1000 min_align 1000
May 26 21:58:49 ubuntu kernel: [    0.375330] pci 0000:00:18.3: res[13]=[io  0x1000-0x0fff] res_to_dev_res add_size 1000 min_align 1000
May 26 21:58:49 ubuntu kernel: [    0.375331] pci 0000:00:18.3: res[13]=[io  0x1000-0x1fff] res_to_dev_res add_size 1000 min_align 1000
May 26 21:58:49 ubuntu kernel: [    0.375332] pci 0000:00:18.4: res[13]=[io  0x1000-0x0fff] res_to_dev_res add_size 1000 min_align 1000
May 26 21:58:49 ubuntu kernel: [    0.375333] pci 0000:00:18.4: res[13]=[io  0x1000-0x1fff] res_to_dev_res add_size 1000 min_align 1000
May 26 21:58:49 ubuntu kernel: [    0.375333] pci 0000:00:18.5: res[13]=[io  0x1000-0x0fff] res_to_dev_res add_size 1000 min_align 1000
May 26 21:58:49 ubuntu kernel: [    0.375334] pci 0000:00:18.5: res[13]=[io  0x1000-0x1fff] res_to_dev_res add_size 1000 min_align 1000
May 26 21:58:49 ubuntu kernel: [    0.375335] pci 0000:00:18.6: res[13]=[io  0x1000-0x0fff] res_to_dev_res add_size 1000 min_align 1000
May 26 21:58:49 ubuntu kernel: [    0.375336] pci 0000:00:18.6: res[13]=[io  0x1000-0x1fff] res_to_dev_res add_size 1000 min_align 1000
May 26 21:58:49 ubuntu kernel: [    0.375336] pci 0000:00:18.7: res[13]=[io  0x1000-0x0fff] res_to_dev_res add_size 1000 min_align 1000
May 26 21:58:49 ubuntu kernel: [    0.375337] pci 0000:00:18.7: res[13]=[io  0x1000-0x1fff] res_to_dev_res add_size 1000 min_align 1000
May 26 21:58:49 ubuntu kernel: [    0.375341] pci 0000:00:0f.0: BAR 6: assigned [mem 0xc0000000-0xc0007fff pref]
May 26 21:58:49 ubuntu kernel: [    0.375343] pci 0000:00:10.0: BAR 6: assigned [mem 0xc0008000-0xc000bfff pref]
May 26 21:58:49 ubuntu kernel: [    0.375346] pci 0000:00:15.3: BAR 13: no space for [io  size 0x1000]
May 26 21:58:49 ubuntu kernel: [    0.375347] pci 0000:00:15.3: BAR 13: failed to assign [io  size 0x1000]
May 26 21:58:49 ubuntu kernel: [    0.375348] pci 0000:00:15.4: BAR 13: no space for [io  size 0x1000]
May 26 21:58:49 ubuntu kernel: [    0.375349] pci 0000:00:15.4: BAR 13: failed to assign [io  size 0x1000]
May 26 21:58:49 ubuntu kernel: [    0.375358] pci 0000:00:15.5: BAR 13: no space for [io  size 0x1000]
May 26 21:58:49 ubuntu kernel: [    0.375359] pci 0000:00:15.5: BAR 13: failed to assign [io  size 0x1000]
May 26 21:58:49 ubuntu kernel: [    0.375360] pci 0000:00:15.6: BAR 13: no space for [io  size 0x1000]
May 26 21:58:49 ubuntu kernel: [    0.375361] pci 0000:00:15.6: BAR 13: failed to assign [io  size 0x1000]
May 26 21:58:49 ubuntu kernel: [    0.375362] pci 0000:00:15.7: BAR 13: no space for [io  size 0x1000]
May 26 21:58:49 ubuntu kernel: [    0.375362] pci 0000:00:15.7: BAR 13: failed to assign [io  size 0x1000]
May 26 21:58:49 ubuntu kernel: [    0.375363] pci 0000:00:16.3: BAR 13: no space for [io  size 0x1000]
May 26 21:58:49 ubuntu kernel: [    0.375364] pci 0000:00:16.3: BAR 13: failed to assign [io  size 0x1000]
May 26 21:58:49 ubuntu kernel: [    0.375365] pci 0000:00:16.4: BAR 13: no space for [io  size 0x1000]
May 26 21:58:49 ubuntu kernel: [    0.375366] pci 0000:00:16.4: BAR 13: failed to assign [io  size 0x1000]
May 26 21:58:49 ubuntu kernel: [    0.375367] pci 0000:00:16.5: BAR 13: no space for [io  size 0x1000]
May 26 21:58:49 ubuntu kernel: [    0.375367] pci 0000:00:16.5: BAR 13: failed to assign [io  size 0x1000]
May 26 21:58:49 ubuntu kernel: [    0.375368] pci 0000:00:16.6: BAR 13: no space for [io  size 0x1000]
May 26 21:58:49 ubuntu kernel: [    0.375369] pci 0000:00:16.6: BAR 13: failed to assign [io  size 0x1000]
May 26 21:58:49 ubuntu kernel: [    0.375370] pci 0000:00:16.7: BAR 13: no space for [io  size 0x1000]
May 26 21:58:49 ubuntu kernel: [    0.375371] pci 0000:00:16.7: BAR 13: failed to assign [io  size 0x1000]
May 26 21:58:49 ubuntu kernel: [    0.375372] pci 0000:00:17.3: BAR 13: no space for [io  size 0x1000]
May 26 21:58:49 ubuntu kernel: [    0.375372] pci 0000:00:17.3: BAR 13: failed to assign [io  size 0x1000]
May 26 21:58:49 ubuntu kernel: [    0.375373] pci 0000:00:17.4: BAR 13: no space for [io  size 0x1000]
May 26 21:58:49 ubuntu kernel: [    0.375374] pci 0000:00:17.4: BAR 13: failed to assign [io  size 0x1000]
May 26 21:58:49 ubuntu kernel: [    0.375375] pci 0000:00:17.5: BAR 13: no space for [io  size 0x1000]
May 26 21:58:49 ubuntu kernel: [    0.375376] pci 0000:00:17.5: BAR 13: failed to assign [io  size 0x1000]
May 26 21:58:49 ubuntu kernel: [    0.375377] pci 0000:00:17.6: BAR 13: no space for [io  size 0x1000]
May 26 21:58:49 ubuntu kernel: [    0.375377] pci 0000:00:17.6: BAR 13: failed to assign [io  size 0x1000]
May 26 21:58:49 ubuntu kernel: [    0.375378] pci 0000:00:17.7: BAR 13: no space for [io  size 0x1000]
May 26 21:58:49 ubuntu kernel: [    0.375379] pci 0000:00:17.7: BAR 13: failed to assign [io  size 0x1000]
May 26 21:58:49 ubuntu kernel: [    0.375380] pci 0000:00:18.2: BAR 13: no space for [io  size 0x1000]
May 26 21:58:49 ubuntu kernel: [    0.375381] pci 0000:00:18.2: BAR 13: failed to assign [io  size 0x1000]
May 26 21:58:49 ubuntu kernel: [    0.375382] pci 0000:00:18.3: BAR 13: no space for [io  size 0x1000]
May 26 21:58:49 ubuntu kernel: [    0.375382] pci 0000:00:18.3: BAR 13: failed to assign [io  size 0x1000]
May 26 21:58:49 ubuntu kernel: [    0.375383] pci 0000:00:18.4: BAR 13: no space for [io  size 0x1000]
May 26 21:58:49 ubuntu kernel: [    0.375384] pci 0000:00:18.4: BAR 13: failed to assign [io  size 0x1000]
May 26 21:58:49 ubuntu kernel: [    0.375385] pci 0000:00:18.5: BAR 13: no space for [io  size 0x1000]
May 26 21:58:49 ubuntu kernel: [    0.375386] pci 0000:00:18.5: BAR 13: failed to assign [io  size 0x1000]
May 26 21:58:49 ubuntu kernel: [    0.375387] pci 0000:00:18.6: BAR 13: no space for [io  size 0x1000]
May 26 21:58:49 ubuntu kernel: [    0.375387] pci 0000:00:18.6: BAR 13: failed to assign [io  size 0x1000]
May 26 21:58:49 ubuntu kernel: [    0.375388] pci 0000:00:18.7: BAR 13: no space for [io  size 0x1000]
May 26 21:58:49 ubuntu kernel: [    0.375389] pci 0000:00:18.7: BAR 13: failed to assign [io  size 0x1000]
May 26 21:58:49 ubuntu kernel: [    0.375392] pci 0000:00:18.7: BAR 13: no space for [io  size 0x1000]
May 26 21:58:49 ubuntu kernel: [    0.375392] pci 0000:00:18.7: BAR 13: failed to assign [io  size 0x1000]
May 26 21:58:49 ubuntu kernel: [    0.375394] pci 0000:00:18.6: BAR 13: no space for [io  size 0x1000]
May 26 21:58:49 ubuntu kernel: [    0.375394] pci 0000:00:18.6: BAR 13: failed to assign [io  size 0x1000]
May 26 21:58:49 ubuntu kernel: [    0.375395] pci 0000:00:18.5: BAR 13: no space for [io  size 0x1000]
May 26 21:58:49 ubuntu kernel: [    0.375396] pci 0000:00:18.5: BAR 13: failed to assign [io  size 0x1000]
May 26 21:58:49 ubuntu kernel: [    0.375397] pci 0000:00:18.4: BAR 13: no space for [io  size 0x1000]
May 26 21:58:49 ubuntu kernel: [    0.375398] pci 0000:00:18.4: BAR 13: failed to assign [io  size 0x1000]
May 26 21:58:49 ubuntu kernel: [    0.375399] pci 0000:00:18.3: BAR 13: no space for [io  size 0x1000]
May 26 21:58:49 ubuntu kernel: [    0.375399] pci 0000:00:18.3: BAR 13: failed to assign [io  size 0x1000]
May 26 21:58:49 ubuntu kernel: [    0.375400] pci 0000:00:18.2: BAR 13: no space for [io  size 0x1000]
May 26 21:58:49 ubuntu kernel: [    0.375401] pci 0000:00:18.2: BAR 13: failed to assign [io  size 0x1000]
May 26 21:58:49 ubuntu kernel: [    0.375402] pci 0000:00:17.7: BAR 13: no space for [io  size 0x1000]
May 26 21:58:49 ubuntu kernel: [    0.375402] pci 0000:00:17.7: BAR 13: failed to assign [io  size 0x1000]
May 26 21:58:49 ubuntu kernel: [    0.375404] pci 0000:00:17.6: BAR 13: no space for [io  size 0x1000]
May 26 21:58:49 ubuntu kernel: [    0.375404] pci 0000:00:17.6: BAR 13: failed to assign [io  size 0x1000]
May 26 21:58:49 ubuntu kernel: [    0.375405] pci 0000:00:17.5: BAR 13: no space for [io  size 0x1000]
May 26 21:58:49 ubuntu kernel: [    0.375406] pci 0000:00:17.5: BAR 13: failed to assign [io  size 0x1000]
May 26 21:58:49 ubuntu kernel: [    0.375407] pci 0000:00:17.4: BAR 13: no space for [io  size 0x1000]
May 26 21:58:49 ubuntu kernel: [    0.375407] pci 0000:00:17.4: BAR 13: failed to assign [io  size 0x1000]
May 26 21:58:49 ubuntu kernel: [    0.375408] pci 0000:00:17.3: BAR 13: no space for [io  size 0x1000]
May 26 21:58:49 ubuntu kernel: [    0.375409] pci 0000:00:17.3: BAR 13: failed to assign [io  size 0x1000]
May 26 21:58:49 ubuntu kernel: [    0.375410] pci 0000:00:16.7: BAR 13: no space for [io  size 0x1000]
May 26 21:58:49 ubuntu kernel: [    0.375411] pci 0000:00:16.7: BAR 13: failed to assign [io  size 0x1000]
May 26 21:58:49 ubuntu kernel: [    0.375412] pci 0000:00:16.6: BAR 13: no space for [io  size 0x1000]
May 26 21:58:49 ubuntu kernel: [    0.375412] pci 0000:00:16.6: BAR 13: failed to assign [io  size 0x1000]
May 26 21:58:49 ubuntu kernel: [    0.375413] pci 0000:00:16.5: BAR 13: no space for [io  size 0x1000]
May 26 21:58:49 ubuntu kernel: [    0.375414] pci 0000:00:16.5: BAR 13: failed to assign [io  size 0x1000]
May 26 21:58:49 ubuntu kernel: [    0.375415] pci 0000:00:16.4: BAR 13: no space for [io  size 0x1000]
May 26 21:58:49 ubuntu kernel: [    0.375416] pci 0000:00:16.4: BAR 13: failed to assign [io  size 0x1000]
May 26 21:58:49 ubuntu kernel: [    0.375417] pci 0000:00:16.3: BAR 13: no space for [io  size 0x1000]
May 26 21:58:49 ubuntu kernel: [    0.375417] pci 0000:00:16.3: BAR 13: failed to assign [io  size 0x1000]
May 26 21:58:49 ubuntu kernel: [    0.375418] pci 0000:00:15.7: BAR 13: no space for [io  size 0x1000]
May 26 21:58:49 ubuntu kernel: [    0.375419] pci 0000:00:15.7: BAR 13: failed to assign [io  size 0x1000]
May 26 21:58:49 ubuntu kernel: [    0.375420] pci 0000:00:15.6: BAR 13: no space for [io  size 0x1000]
May 26 21:58:49 ubuntu kernel: [    0.375421] pci 0000:00:15.6: BAR 13: failed to assign [io  size 0x1000]
May 26 21:58:49 ubuntu kernel: [    0.375422] pci 0000:00:15.5: BAR 13: no space for [io  size 0x1000]
May 26 21:58:49 ubuntu kernel: [    0.375422] pci 0000:00:15.5: BAR 13: failed to assign [io  size 0x1000]
May 26 21:58:49 ubuntu kernel: [    0.375423] pci 0000:00:15.4: BAR 13: no space for [io  size 0x1000]
May 26 21:58:49 ubuntu kernel: [    0.375424] pci 0000:00:15.4: BAR 13: failed to assign [io  size 0x1000]
May 26 21:58:49 ubuntu kernel: [    0.375425] pci 0000:00:15.3: BAR 13: no space for [io  size 0x1000]
May 26 21:58:49 ubuntu kernel: [    0.375426] pci 0000:00:15.3: BAR 13: failed to assign [io  size 0x1000]
